[    0.000000] Initializing cgroup subsys cpuset
[    0.000000] Initializing cgroup subsys cpu
[    0.000000] Linux version 3.2.39-dev (root@ubuntu) (gcc version 4.8.2 (Ubuntu 4.8.2-19ubuntu1) ) #15 SMP Thu May 14 09:11:47 PDT 2015
[    0.000000] Disabled fast string operations
[    0.000000] BIOS-provided physical RAM map:
[    0.000000]  BIOS-e820: 0000000000000000 - 000000000009e800 (usable)
[    0.000000]  BIOS-e820: 000000000009e800 - 00000000000a0000 (reserved)
[    0.000000]  BIOS-e820: 00000000000dc000 - 0000000000100000 (reserved)
[    0.000000]  BIOS-e820: 0000000000100000 - 00000000bfee0000 (usable)
[    0.000000]  BIOS-e820: 00000000bfee0000 - 00000000bfeff000 (ACPI data)
[    0.000000]  BIOS-e820: 00000000bfeff000 - 00000000bff00000 (ACPI NVS)
[    0.000000]  BIOS-e820: 00000000bff00000 - 00000000c0000000 (usable)
[    0.000000]  BIOS-e820: 00000000f0000000 - 00000000f8000000 (reserved)
[    0.000000]  BIOS-e820: 00000000fec00000 - 00000000fec10000 (reserved)
[    0.000000]  BIOS-e820: 00000000fee00000 - 00000000fee01000 (reserved)
[    0.000000]  BIOS-e820: 00000000fffe0000 - 0000000100000000 (reserved)
[    0.000000]  BIOS-e820: 0000000100000000 - 0000000140000000 (usable)
[    0.000000] Notice: NX (Execute Disable) protection cannot be enabled: non-PAE kernel!
[    0.000000] SMBIOS 2.4 present.
[    0.000000] DMI: VMware, Inc. VMware Virtual Platform/440BX Desktop Reference Platform, BIOS 6.00 05/20/2014
[    0.000000] Hypervisor detected: VMware
[    0.000000] e820 update range: 0000000000000000 - 0000000000010000 (usable) ==> (reserved)
[    0.000000] e820 remove range: 00000000000a0000 - 0000000000100000 (usable)
[    0.000000] last_pfn = 0xc0000 max_arch_pfn = 0x100000
[    0.000000] MTRR default type: uncachable
[    0.000000] MTRR fixed ranges enabled:
[    0.000000]   00000-9FFFF write-back
[    0.000000]   A0000-BFFFF uncachable
[    0.000000]   C0000-CFFFF write-protect
[    0.000000]   D0000-EFFFF uncachable
[    0.000000]   F0000-FFFFF write-protect
[    0.000000] MTRR variable ranges enabled:
[    0.000000]   0 base 000C0000000 mask 3FFC0000000 uncachable
[    0.000000]   1 base 00000000000 mask 3FF00000000 write-back
[    0.000000]   2 base 00100000000 mask 3FFC0000000 write-back
[    0.000000]   3 disabled
[    0.000000]   4 disabled
[    0.000000]   5 disabled
[    0.000000]   6 disabled
[    0.000000]   7 disabled
[    0.000000] x86 PAT enabled: cpu 0, old 0x7040600070406, new 0x7010600070106
[    0.000000] e820 update range: 00000000c0000000 - 0000000100000000 (usable) ==> (reserved)
[    0.000000] found SMP MP-table at [c00f6b30] f6b30
[    0.000000] initial memory mapped : 0 - 00c00000
[    0.000000] Base memory trampoline at [c009a000] 9a000 size 16384
[    0.000000] init_memory_mapping: 0000000000000000-00000000377fe000
[    0.000000]  0000000000 - 0000400000 page 4k
[    0.000000]  0000400000 - 0037400000 page 2M
[    0.000000]  0037400000 - 00377fe000 page 4k
[    0.000000] kernel direct mapping tables up to 377fe000 @ bfa000-c00000
[    0.000000] RAMDISK: 3465c000 - 36326000
[    0.000000] ACPI: RSDP 000f6ac0 00024 (v02 PTLTD )
[    0.000000] ACPI: XSDT bfeea64f 00054 (v01 INTEL  440BX    06040000 VMW  01324272)
[    0.000000] ACPI: FACP bfefee73 000F4 (v04 INTEL  440BX    06040000 PTL  000F4240)
[    0.000000] ACPI: DSDT bfeeba8c 133E7 (v01 PTLTD  Custom   06040000 MSFT 03000001)
[    0.000000] ACPI: FACS bfefffc0 00040
[    0.000000] ACPI: BOOT bfeeba64 00028 (v01 PTLTD  $SBFTBL$ 06040000  LTP 00000001)
[    0.000000] ACPI: APIC bfeeb322 00742 (v01 PTLTD  ? APIC   06040000  LTP 00000000)
[    0.000000] ACPI: MCFG bfeeb2e6 0003C (v01 PTLTD  $PCITBL$ 06040000  LTP 00000001)
[    0.000000] ACPI: SRAT bfeea707 008F8 (v02 VMWARE MEMPLUG  06040000 VMW  00000001)
[    0.000000] ACPI: WAET bfeea6df 00028 (v01 VMWARE VMW WAET 06040000 VMW  00000001)
[    0.000000] ACPI: Local APIC address 0xfee00000
[    0.000000] 2184MB HIGHMEM available.
[    0.000000] 887MB LOWMEM available.
[    0.000000]   mapped low ram: 0 - 377fe000
[    0.000000]   low ram: 0 - 377fe000
[    0.000000] Zone PFN ranges:
[    0.000000]   DMA      0x00000010 -> 0x00001000
[    0.000000]   Normal   0x00001000 -> 0x000377fe
[    0.000000]   HighMem  0x000377fe -> 0x000c0000
[    0.000000] Movable zone start PFN for each node
[    0.000000] early_node_map[3] active PFN ranges
[    0.000000]     0: 0x00000010 -> 0x0000009e
[    0.000000]     0: 0x00000100 -> 0x000bfee0
[    0.000000]     0: 0x000bff00 -> 0x000c0000
[    0.000000] On node 0 totalpages: 786286
[    0.000000] free_area_init_node: node 0, pgdat c05ae840, node_mem_map f2e5c200
[    0.000000]   DMA zone: 32 pages used for memmap
[    0.000000]   DMA zone: 0 pages reserved
[    0.000000]   DMA zone: 3950 pages, LIFO batch:0
[    0.000000]   Normal zone: 1744 pages used for memmap
[    0.000000]   Normal zone: 221486 pages, LIFO batch:31
[    0.000000]   HighMem zone: 4369 pages used for memmap
[    0.000000]   HighMem zone: 554705 pages, LIFO batch:31
[    0.000000] Using APIC driver default
[    0.000000] ACPI: PM-Timer IO Port: 0x1008
[    0.000000] ACPI: Local APIC address 0xfee00000
[    0.000000] ACPI: LAPIC (acpi_id[0x00] lapic_id[0x00] enabled)
[    0.000000] ACPI: LAPIC (acpi_id[0x01] lapic_id[0x02] enabled)
[    0.000000] ACPI: LAPIC (acpi_id[0x02] lapic_id[0x04] disabled)
[    0.000000] ACPI: LAPIC (acpi_id[0x03] lapic_id[0x06] disabled)
[    0.000000] ACPI: LAPIC (acpi_id[0x04] lapic_id[0x08] disabled)
[    0.000000] ACPI: LAPIC (acpi_id[0x05] lapic_id[0x0a] disabled)
[    0.000000] ACPI: LAPIC (acpi_id[0x06] lapic_id[0x0c] disabled)
[    0.000000] ACPI: LAPIC (acpi_id[0x07] lapic_id[0x0e] disabled)
[    0.000000] ACPI: LAPIC (acpi_id[0x08] lapic_id[0x10] disabled)
[    0.000000] ACPI: LAPIC (acpi_id[0x09] lapic_id[0x12] disabled)
[    0.000000] ACPI: LAPIC (acpi_id[0x0a] lapic_id[0x14] disabled)
[    0.000000] ACPI: LAPIC (acpi_id[0x0b] lapic_id[0x16] disabled)
[    0.000000] ACPI: LAPIC (acpi_id[0x0c] lapic_id[0x18] disabled)
[    0.000000] ACPI: LAPIC (acpi_id[0x0d] lapic_id[0x1a] disabled)
[    0.000000] ACPI: LAPIC (acpi_id[0x0e] lapic_id[0x1c] disabled)
[    0.000000] ACPI: LAPIC (acpi_id[0x0f] lapic_id[0x1e] disabled)
[    0.000000] ACPI: LAPIC (acpi_id[0x10] lapic_id[0x20] disabled)
[    0.000000] ACPI: LAPIC (acpi_id[0x11] lapic_id[0x22] disabled)
[    0.000000] ACPI: LAPIC (acpi_id[0x12] lapic_id[0x24] disabled)
[    0.000000] ACPI: LAPIC (acpi_id[0x13] lapic_id[0x26] disabled)
[    0.000000] ACPI: LAPIC (acpi_id[0x14] lapic_id[0x28] disabled)
[    0.000000] ACPI: LAPIC (acpi_id[0x15] lapic_id[0x2a] disabled)
[    0.000000] ACPI: LAPIC (acpi_id[0x16] lapic_id[0x2c] disabled)
[    0.000000] ACPI: LAPIC (acpi_id[0x17] lapic_id[0x2e] disabled)
[    0.000000] ACPI: LAPIC (acpi_id[0x18] lapic_id[0x30] disabled)
[    0.000000] ACPI: LAPIC (acpi_id[0x19] lapic_id[0x32] disabled)
[    0.000000] ACPI: LAPIC (acpi_id[0x1a] lapic_id[0x34] disabled)
[    0.000000] ACPI: LAPIC (acpi_id[0x1b] lapic_id[0x36] disabled)
[    0.000000] ACPI: LAPIC (acpi_id[0x1c] lapic_id[0x38] disabled)
[    0.000000] ACPI: LAPIC (acpi_id[0x1d] lapic_id[0x3a] disabled)
[    0.000000] ACPI: LAPIC (acpi_id[0x1e] lapic_id[0x3c] disabled)
[    0.000000] ACPI: LAPIC (acpi_id[0x1f] lapic_id[0x3e] disabled)
[    0.000000] ACPI: LAPIC (acpi_id[0x20] lapic_id[0x40] disabled)
[    0.000000] ACPI: LAPIC (acpi_id[0x21] lapic_id[0x42] disabled)
[    0.000000] ACPI: LAPIC (acpi_id[0x22] lapic_id[0x44] disabled)
[    0.000000] ACPI: LAPIC (acpi_id[0x23] lapic_id[0x46] disabled)
[    0.000000] ACPI: LAPIC (acpi_id[0x24] lapic_id[0x48] disabled)
[    0.000000] ACPI: LAPIC (acpi_id[0x25] lapic_id[0x4a] disabled)
[    0.000000] ACPI: LAPIC (acpi_id[0x26] lapic_id[0x4c] disabled)
[    0.000000] ACPI: LAPIC (acpi_id[0x27] lapic_id[0x4e] disabled)
[    0.000000] ACPI: LAPIC (acpi_id[0x28] lapic_id[0x50] disabled)
[    0.000000] ACPI: LAPIC (acpi_id[0x29] lapic_id[0x52] disabled)
[    0.000000] ACPI: LAPIC (acpi_id[0x2a] lapic_id[0x54] disabled)
[    0.000000] ACPI: LAPIC (acpi_id[0x2b] lapic_id[0x56] disabled)
[    0.000000] ACPI: LAPIC (acpi_id[0x2c] lapic_id[0x58] disabled)
[    0.000000] ACPI: LAPIC (acpi_id[0x2d] lapic_id[0x5a] disabled)
[    0.000000] ACPI: LAPIC (acpi_id[0x2e] lapic_id[0x5c] disabled)
[    0.000000] ACPI: LAPIC (acpi_id[0x2f] lapic_id[0x5e] disabled)
[    0.000000] ACPI: LAPIC (acpi_id[0x30] lapic_id[0x60] disabled)
[    0.000000] ACPI: LAPIC (acpi_id[0x31] lapic_id[0x62] disabled)
[    0.000000] ACPI: LAPIC (acpi_id[0x32] lapic_id[0x64] disabled)
[    0.000000] ACPI: LAPIC (acpi_id[0x33] lapic_id[0x66] disabled)
[    0.000000] ACPI: LAPIC (acpi_id[0x34] lapic_id[0x68] disabled)
[    0.000000] ACPI: LAPIC (acpi_id[0x35] lapic_id[0x6a] disabled)
[    0.000000] ACPI: LAPIC (acpi_id[0x36] lapic_id[0x6c] disabled)
[    0.000000] ACPI: LAPIC (acpi_id[0x37] lapic_id[0x6e] disabled)
[    0.000000] ACPI: LAPIC (acpi_id[0x38] lapic_id[0x70] disabled)
[    0.000000] ACPI: LAPIC (acpi_id[0x39] lapic_id[0x72] disabled)
[    0.000000] ACPI: LAPIC (acpi_id[0x3a] lapic_id[0x74] disabled)
[    0.000000] ACPI: LAPIC (acpi_id[0x3b] lapic_id[0x76] disabled)
[    0.000000] ACPI: LAPIC (acpi_id[0x3c] lapic_id[0x78] disabled)
[    0.000000] ACPI: LAPIC (acpi_id[0x3d] lapic_id[0x7a] disabled)
[    0.000000] ACPI: LAPIC (acpi_id[0x3e] lapic_id[0x7c] disabled)
[    0.000000] ACPI: LAPIC (acpi_id[0x3f] lapic_id[0x7e] disabled)
[    0.000000] ACPI: LAPIC (acpi_id[0x40] lapic_id[0x80] disabled)
[    0.000000] ACPI: LAPIC (acpi_id[0x41] lapic_id[0x82] disabled)
[    0.000000] ACPI: LAPIC (acpi_id[0x42] lapic_id[0x84] disabled)
[    0.000000] ACPI: LAPIC (acpi_id[0x43] lapic_id[0x86] disabled)
[    0.000000] ACPI: LAPIC (acpi_id[0x44] lapic_id[0x88] disabled)
[    0.000000] ACPI: LAPIC (acpi_id[0x45] lapic_id[0x8a] disabled)
[    0.000000] ACPI: LAPIC (acpi_id[0x46] lapic_id[0x8c] disabled)
[    0.000000] ACPI: LAPIC (acpi_id[0x47] lapic_id[0x8e] disabled)
[    0.000000] ACPI: LAPIC (acpi_id[0x48] lapic_id[0x90] disabled)
[    0.000000] ACPI: LAPIC (acpi_id[0x49] lapic_id[0x92] disabled)
[    0.000000] ACPI: LAPIC (acpi_id[0x4a] lapic_id[0x94] disabled)
[    0.000000] ACPI: LAPIC (acpi_id[0x4b] lapic_id[0x96] disabled)
[    0.000000] ACPI: LAPIC (acpi_id[0x4c] lapic_id[0x98] disabled)
[    0.000000] ACPI: LAPIC (acpi_id[0x4d] lapic_id[0x9a] disabled)
[    0.000000] ACPI: LAPIC (acpi_id[0x4e] lapic_id[0x9c] disabled)
[    0.000000] ACPI: LAPIC (acpi_id[0x4f] lapic_id[0x9e] disabled)
[    0.000000] ACPI: LAPIC (acpi_id[0x50] lapic_id[0xa0] disabled)
[    0.000000] ACPI: LAPIC (acpi_id[0x51] lapic_id[0xa2] disabled)
[    0.000000] ACPI: LAPIC (acpi_id[0x52] lapic_id[0xa4] disabled)
[    0.000000] ACPI: LAPIC (acpi_id[0x53] lapic_id[0xa6] disabled)
[    0.000000] ACPI: LAPIC (acpi_id[0x54] lapic_id[0xa8] disabled)
[    0.000000] ACPI: LAPIC (acpi_id[0x55] lapic_id[0xaa] disabled)
[    0.000000] ACPI: LAPIC (acpi_id[0x56] lapic_id[0xac] disabled)
[    0.000000] ACPI: LAPIC (acpi_id[0x57] lapic_id[0xae] disabled)
[    0.000000] ACPI: LAPIC (acpi_id[0x58] lapic_id[0xb0] disabled)
[    0.000000] ACPI: LAPIC (acpi_id[0x59] lapic_id[0xb2] disabled)
[    0.000000] ACPI: LAPIC (acpi_id[0x5a] lapic_id[0xb4] disabled)
[    0.000000] ACPI: LAPIC (acpi_id[0x5b] lapic_id[0xb6] disabled)
[    0.000000] ACPI: LAPIC (acpi_id[0x5c] lapic_id[0xb8] disabled)
[    0.000000] ACPI: LAPIC (acpi_id[0x5d] lapic_id[0xba] disabled)
[    0.000000] ACPI: LAPIC (acpi_id[0x5e] lapic_id[0xbc] disabled)
[    0.000000] ACPI: LAPIC (acpi_id[0x5f] lapic_id[0xbe] disabled)
[    0.000000] ACPI: LAPIC (acpi_id[0x60] lapic_id[0xc0] disabled)
[    0.000000] ACPI: LAPIC (acpi_id[0x61] lapic_id[0xc2] disabled)
[    0.000000] ACPI: LAPIC (acpi_id[0x62] lapic_id[0xc4] disabled)
[    0.000000] ACPI: LAPIC (acpi_id[0x63] lapic_id[0xc6] disabled)
[    0.000000] ACPI: LAPIC (acpi_id[0x64] lapic_id[0xc8] disabled)
[    0.000000] ACPI: LAPIC (acpi_id[0x65] lapic_id[0xca] disabled)
[    0.000000] ACPI: LAPIC (acpi_id[0x66] lapic_id[0xcc] disabled)
[    0.000000] ACPI: LAPIC (acpi_id[0x67] lapic_id[0xce] disabled)
[    0.000000] ACPI: LAPIC (acpi_id[0x68] lapic_id[0xd0] disabled)
[    0.000000] ACPI: LAPIC (acpi_id[0x69] lapic_id[0xd2] disabled)
[    0.000000] ACPI: LAPIC (acpi_id[0x6a] lapic_id[0xd4] disabled)
[    0.000000] ACPI: LAPIC (acpi_id[0x6b] lapic_id[0xd6] disabled)
[    0.000000] ACPI: LAPIC (acpi_id[0x6c] lapic_id[0xd8] disabled)
[    0.000000] ACPI: LAPIC (acpi_id[0x6d] lapic_id[0xda] disabled)
[    0.000000] ACPI: LAPIC (acpi_id[0x6e] lapic_id[0xdc] disabled)
[    0.000000] ACPI: LAPIC (acpi_id[0x6f] lapic_id[0xde] disabled)
[    0.000000] ACPI: LAPIC (acpi_id[0x70] lapic_id[0xe0] disabled)
[    0.000000] ACPI: LAPIC (acpi_id[0x71] lapic_id[0xe2] disabled)
[    0.000000] ACPI: LAPIC (acpi_id[0x72] lapic_id[0xe4] disabled)
[    0.000000] ACPI: LAPIC (acpi_id[0x73] lapic_id[0xe6] disabled)
[    0.000000] ACPI: LAPIC (acpi_id[0x74] lapic_id[0xe8] disabled)
[    0.000000] ACPI: LAPIC (acpi_id[0x75] lapic_id[0xea] disabled)
[    0.000000] ACPI: LAPIC (acpi_id[0x76] lapic_id[0xec] disabled)
[    0.000000] ACPI: LAPIC (acpi_id[0x77] lapic_id[0xee] disabled)
[    0.000000] ACPI: LAPIC (acpi_id[0x78] lapic_id[0xf0] disabled)
[    0.000000] ACPI: LAPIC (acpi_id[0x79] lapic_id[0xf2] disabled)
[    0.000000] ACPI: LAPIC (acpi_id[0x7a] lapic_id[0xf4] disabled)
[    0.000000] ACPI: LAPIC (acpi_id[0x7b] lapic_id[0xf6] disabled)
[    0.000000] ACPI: LAPIC (acpi_id[0x7c] lapic_id[0xf8] disabled)
[    0.000000] ACPI: LAPIC (acpi_id[0x7d] lapic_id[0xfa] disabled)
[    0.000000] ACPI: LAPIC (acpi_id[0x7e] lapic_id[0xfc] disabled)
[    0.000000] ACPI: LAPIC (acpi_id[0x7f] lapic_id[0xfe] disabled)
[    0.000000] ACPI: LAPIC_NMI (acpi_id[0x00] high edge lint[0x1])
[    0.000000] ACPI: LAPIC_NMI (acpi_id[0x01] high edge lint[0x1])
[    0.000000] ACPI: LAPIC_NMI (acpi_id[0x02] high edge lint[0x1])
[    0.000000] ACPI: LAPIC_NMI (acpi_id[0x03] high edge lint[0x1])
[    0.000000] ACPI: LAPIC_NMI (acpi_id[0x04] high edge lint[0x1])
[    0.000000] ACPI: LAPIC_NMI (acpi_id[0x05] high edge lint[0x1])
[    0.000000] ACPI: LAPIC_NMI (acpi_id[0x06] high edge lint[0x1])
[    0.000000] ACPI: LAPIC_NMI (acpi_id[0x07] high edge lint[0x1])
[    0.000000] ACPI: LAPIC_NMI (acpi_id[0x08] high edge lint[0x1])
[    0.000000] ACPI: LAPIC_NMI (acpi_id[0x09] high edge lint[0x1])
[    0.000000] ACPI: LAPIC_NMI (acpi_id[0x0a] high edge lint[0x1])
[    0.000000] ACPI: LAPIC_NMI (acpi_id[0x0b] high edge lint[0x1])
[    0.000000] ACPI: LAPIC_NMI (acpi_id[0x0c] high edge lint[0x1])
[    0.000000] ACPI: LAPIC_NMI (acpi_id[0x0d] high edge lint[0x1])
[    0.000000] ACPI: LAPIC_NMI (acpi_id[0x0e] high edge lint[0x1])
[    0.000000] ACPI: LAPIC_NMI (acpi_id[0x0f] high edge lint[0x1])
[    0.000000] ACPI: LAPIC_NMI (acpi_id[0x10] high edge lint[0x1])
[    0.000000] ACPI: LAPIC_NMI (acpi_id[0x11] high edge lint[0x1])
[    0.000000] ACPI: LAPIC_NMI (acpi_id[0x12] high edge lint[0x1])
[    0.000000] ACPI: LAPIC_NMI (acpi_id[0x13] high edge lint[0x1])
[    0.000000] ACPI: LAPIC_NMI (acpi_id[0x14] high edge lint[0x1])
[    0.000000] ACPI: LAPIC_NMI (acpi_id[0x15] high edge lint[0x1])
[    0.000000] ACPI: LAPIC_NMI (acpi_id[0x16] high edge lint[0x1])
[    0.000000] ACPI: LAPIC_NMI (acpi_id[0x17] high edge lint[0x1])
[    0.000000] ACPI: LAPIC_NMI (acpi_id[0x18] high edge lint[0x1])
[    0.000000] ACPI: LAPIC_NMI (acpi_id[0x19] high edge lint[0x1])
[    0.000000] ACPI: LAPIC_NMI (acpi_id[0x1a] high edge lint[0x1])
[    0.000000] ACPI: LAPIC_NMI (acpi_id[0x1b] high edge lint[0x1])
[    0.000000] ACPI: LAPIC_NMI (acpi_id[0x1c] high edge lint[0x1])
[    0.000000] ACPI: LAPIC_NMI (acpi_id[0x1d] high edge lint[0x1])
[    0.000000] ACPI: LAPIC_NMI (acpi_id[0x1e] high edge lint[0x1])
[    0.000000] ACPI: LAPIC_NMI (acpi_id[0x1f] high edge lint[0x1])
[    0.000000] ACPI: LAPIC_NMI (acpi_id[0x20] high edge lint[0x1])
[    0.000000] ACPI: LAPIC_NMI (acpi_id[0x21] high edge lint[0x1])
[    0.000000] ACPI: LAPIC_NMI (acpi_id[0x22] high edge lint[0x1])
[    0.000000] ACPI: LAPIC_NMI (acpi_id[0x23] high edge lint[0x1])
[    0.000000] ACPI: LAPIC_NMI (acpi_id[0x24] high edge lint[0x1])
[    0.000000] ACPI: LAPIC_NMI (acpi_id[0x25] high edge lint[0x1])
[    0.000000] ACPI: LAPIC_NMI (acpi_id[0x26] high edge lint[0x1])
[    0.000000] ACPI: LAPIC_NMI (acpi_id[0x27] high edge lint[0x1])
[    0.000000] ACPI: LAPIC_NMI (acpi_id[0x28] high edge lint[0x1])
[    0.000000] ACPI: LAPIC_NMI (acpi_id[0x29] high edge lint[0x1])
[    0.000000] ACPI: LAPIC_NMI (acpi_id[0x2a] high edge lint[0x1])
[    0.000000] ACPI: LAPIC_NMI (acpi_id[0x2b] high edge lint[0x1])
[    0.000000] ACPI: LAPIC_NMI (acpi_id[0x2c] high edge lint[0x1])
[    0.000000] ACPI: LAPIC_NMI (acpi_id[0x2d] high edge lint[0x1])
[    0.000000] ACPI: LAPIC_NMI (acpi_id[0x2e] high edge lint[0x1])
[    0.000000] ACPI: LAPIC_NMI (acpi_id[0x2f] high edge lint[0x1])
[    0.000000] ACPI: LAPIC_NMI (acpi_id[0x30] high edge lint[0x1])
[    0.000000] ACPI: LAPIC_NMI (acpi_id[0x31] high edge lint[0x1])
[    0.000000] ACPI: LAPIC_NMI (acpi_id[0x32] high edge lint[0x1])
[    0.000000] ACPI: LAPIC_NMI (acpi_id[0x33] high edge lint[0x1])
[    0.000000] ACPI: LAPIC_NMI (acpi_id[0x34] high edge lint[0x1])
[    0.000000] ACPI: LAPIC_NMI (acpi_id[0x35] high edge lint[0x1])
[    0.000000] ACPI: LAPIC_NMI (acpi_id[0x36] high edge lint[0x1])
[    0.000000] ACPI: LAPIC_NMI (acpi_id[0x37] high edge lint[0x1])
[    0.000000] ACPI: LAPIC_NMI (acpi_id[0x38] high edge lint[0x1])
[    0.000000] ACPI: LAPIC_NMI (acpi_id[0x39] high edge lint[0x1])
[    0.000000] ACPI: LAPIC_NMI (acpi_id[0x3a] high edge lint[0x1])
[    0.000000] ACPI: LAPIC_NMI (acpi_id[0x3b] high edge lint[0x1])
[    0.000000] ACPI: LAPIC_NMI (acpi_id[0x3c] high edge lint[0x1])
[    0.000000] ACPI: LAPIC_NMI (acpi_id[0x3d] high edge lint[0x1])
[    0.000000] ACPI: LAPIC_NMI (acpi_id[0x3e] high edge lint[0x1])
[    0.000000] ACPI: LAPIC_NMI (acpi_id[0x3f] high edge lint[0x1])
[    0.000000] ACPI: LAPIC_NMI (acpi_id[0x40] high edge lint[0x1])
[    0.000000] ACPI: LAPIC_NMI (acpi_id[0x41] high edge lint[0x1])
[    0.000000] ACPI: LAPIC_NMI (acpi_id[0x42] high edge lint[0x1])
[    0.000000] ACPI: LAPIC_NMI (acpi_id[0x43] high edge lint[0x1])
[    0.000000] ACPI: LAPIC_NMI (acpi_id[0x44] high edge lint[0x1])
[    0.000000] ACPI: LAPIC_NMI (acpi_id[0x45] high edge lint[0x1])
[    0.000000] ACPI: LAPIC_NMI (acpi_id[0x46] high edge lint[0x1])
[    0.000000] ACPI: LAPIC_NMI (acpi_id[0x47] high edge lint[0x1])
[    0.000000] ACPI: LAPIC_NMI (acpi_id[0x48] high edge lint[0x1])
[    0.000000] ACPI: LAPIC_NMI (acpi_id[0x49] high edge lint[0x1])
[    0.000000] ACPI: LAPIC_NMI (acpi_id[0x4a] high edge lint[0x1])
[    0.000000] ACPI: LAPIC_NMI (acpi_id[0x4b] high edge lint[0x1])
[    0.000000] ACPI: LAPIC_NMI (acpi_id[0x4c] high edge lint[0x1])
[    0.000000] ACPI: LAPIC_NMI (acpi_id[0x4d] high edge lint[0x1])
[    0.000000] ACPI: LAPIC_NMI (acpi_id[0x4e] high edge lint[0x1])
[    0.000000] ACPI: LAPIC_NMI (acpi_id[0x4f] high edge lint[0x1])
[    0.000000] ACPI: LAPIC_NMI (acpi_id[0x50] high edge lint[0x1])
[    0.000000] ACPI: LAPIC_NMI (acpi_id[0x51] high edge lint[0x1])
[    0.000000] ACPI: LAPIC_NMI (acpi_id[0x52] high edge lint[0x1])
[    0.000000] ACPI: LAPIC_NMI (acpi_id[0x53] high edge lint[0x1])
[    0.000000] ACPI: LAPIC_NMI (acpi_id[0x54] high edge lint[0x1])
[    0.000000] ACPI: LAPIC_NMI (acpi_id[0x55] high edge lint[0x1])
[    0.000000] ACPI: LAPIC_NMI (acpi_id[0x56] high edge lint[0x1])
[    0.000000] ACPI: LAPIC_NMI (acpi_id[0x57] high edge lint[0x1])
[    0.000000] ACPI: LAPIC_NMI (acpi_id[0x58] high edge lint[0x1])
[    0.000000] ACPI: LAPIC_NMI (acpi_id[0x59] high edge lint[0x1])
[    0.000000] ACPI: LAPIC_NMI (acpi_id[0x5a] high edge lint[0x1])
[    0.000000] ACPI: LAPIC_NMI (acpi_id[0x5b] high edge lint[0x1])
[    0.000000] ACPI: LAPIC_NMI (acpi_id[0x5c] high edge lint[0x1])
[    0.000000] ACPI: LAPIC_NMI (acpi_id[0x5d] high edge lint[0x1])
[    0.000000] ACPI: LAPIC_NMI (acpi_id[0x5e] high edge lint[0x1])
[    0.000000] ACPI: LAPIC_NMI (acpi_id[0x5f] high edge lint[0x1])
[    0.000000] ACPI: LAPIC_NMI (acpi_id[0x60] high edge lint[0x1])
[    0.000000] ACPI: LAPIC_NMI (acpi_id[0x61] high edge lint[0x1])
[    0.000000] ACPI: LAPIC_NMI (acpi_id[0x62] high edge lint[0x1])
[    0.000000] ACPI: LAPIC_NMI (acpi_id[0x63] high edge lint[0x1])
[    0.000000] ACPI: LAPIC_NMI (acpi_id[0x64] high edge lint[0x1])
[    0.000000] ACPI: LAPIC_NMI (acpi_id[0x65] high edge lint[0x1])
[    0.000000] ACPI: LAPIC_NMI (acpi_id[0x66] high edge lint[0x1])
[    0.000000] ACPI: LAPIC_NMI (acpi_id[0x67] high edge lint[0x1])
[    0.000000] ACPI: LAPIC_NMI (acpi_id[0x68] high edge lint[0x1])
[    0.000000] ACPI: LAPIC_NMI (acpi_id[0x69] high edge lint[0x1])
[    0.000000] ACPI: LAPIC_NMI (acpi_id[0x6a] high edge lint[0x1])
[    0.000000] ACPI: LAPIC_NMI (acpi_id[0x6b] high edge lint[0x1])
[    0.000000] ACPI: LAPIC_NMI (acpi_id[0x6c] high edge lint[0x1])
[    0.000000] ACPI: LAPIC_NMI (acpi_id[0x6d] high edge lint[0x1])
[    0.000000] ACPI: LAPIC_NMI (acpi_id[0x6e] high edge lint[0x1])
[    0.000000] ACPI: LAPIC_NMI (acpi_id[0x6f] high edge lint[0x1])
[    0.000000] ACPI: LAPIC_NMI (acpi_id[0x70] high edge lint[0x1])
[    0.000000] ACPI: LAPIC_NMI (acpi_id[0x71] high edge lint[0x1])
[    0.000000] ACPI: LAPIC_NMI (acpi_id[0x72] high edge lint[0x1])
[    0.000000] ACPI: LAPIC_NMI (acpi_id[0x73] high edge lint[0x1])
[    0.000000] ACPI: LAPIC_NMI (acpi_id[0x74] high edge lint[0x1])
[    0.000000] ACPI: LAPIC_NMI (acpi_id[0x75] high edge lint[0x1])
[    0.000000] ACPI: LAPIC_NMI (acpi_id[0x76] high edge lint[0x1])
[    0.000000] ACPI: LAPIC_NMI (acpi_id[0x77] high edge lint[0x1])
[    0.000000] ACPI: LAPIC_NMI (acpi_id[0x78] high edge lint[0x1])
[    0.000000] ACPI: LAPIC_NMI (acpi_id[0x79] high edge lint[0x1])
[    0.000000] ACPI: LAPIC_NMI (acpi_id[0x7a] high edge lint[0x1])
[    0.000000] ACPI: LAPIC_NMI (acpi_id[0x7b] high edge lint[0x1])
[    0.000000] ACPI: LAPIC_NMI (acpi_id[0x7c] high edge lint[0x1])
[    0.000000] ACPI: LAPIC_NMI (acpi_id[0x7d] high edge lint[0x1])
[    0.000000] ACPI: LAPIC_NMI (acpi_id[0x7e] high edge lint[0x1])
[    0.000000] ACPI: LAPIC_NMI (acpi_id[0x7f] high edge lint[0x1])
[    0.000000] ACPI: IOAPIC (id[0x01] address[0xfec00000] gsi_base[0])
[    0.000000] IOAPIC[0]: apic_id 1, version 17, address 0xfec00000, GSI 0-23
[    0.000000] ACPI: INT_SRC_OVR (bus 0 bus_irq 0 global_irq 2 high edge)
[    0.000000] ACPI: IRQ0 used by override.
[    0.000000] ACPI: IRQ2 used by override.
[    0.000000] ACPI: IRQ9 used by override.
[    0.000000] Using ACPI (MADT) for SMP configuration information
[    0.000000] 128 Processors exceeds NR_CPUS limit of 8
[    0.000000] SMP: Allowing 8 CPUs, 6 hotplug CPUs
[    0.000000] nr_irqs_gsi: 40
[    0.000000] Allocating PCI resources starting at c0000000 (gap: c0000000:30000000)
[    0.000000] setup_percpu: NR_CPUS:8 nr_cpumask_bits:8 nr_cpu_ids:8 nr_node_ids:1
[    0.000000] PERCPU: Embedded 12 pages/cpu @f778b000 s25024 r0 d24128 u49152
[    0.000000] pcpu-alloc: s25024 r0 d24128 u49152 alloc=12*4096
[    0.000000] pcpu-alloc: [0] 0 [0] 1 [0] 2 [0] 3 [0] 4 [0] 5 [0] 6 [0] 7 
[    0.000000] Built 1 zonelists in Zone order, mobility grouping on.  Total pages: 780141
[    0.000000] Kernel command line: BOOT_IMAGE=/boot/vmlinuz-3.2.39-dev root=UUID=5bd6e880-7052-4b15-b63f-45622ca52c46 ro find_preseed=/preseed.cfg auto noprompt priority=critical locale=en_US quiet
[    0.000000] PID hash table entries: 4096 (order: 2, 16384 bytes)
[    0.000000] Dentry cache hash table entries: 131072 (order: 7, 524288 bytes)
[    0.000000] Inode-cache hash table entries: 65536 (order: 6, 262144 bytes)
[    0.000000] Initializing CPU#0
[    0.000000] xsave/xrstor: enabled xstate_bv 0x7, cntxt size 0x340
[    0.000000] allocated 12582656 bytes of page_cgroup
[    0.000000] please try 'cgroup_disable=memory' option if you don't want memory cgroups
[    0.000000] Initializing HighMem for node 0 (000377fe:000c0000)
[    0.000000] Memory: 3071848k/3145728k available (3375k kernel code, 73296k reserved, 1440k data, 460k init, 2236296k highmem)
[    0.000000] virtual kernel memory layout:
[    0.000000]     fixmap  : 0xfff17000 - 0xfffff000   ( 928 kB)
[    0.000000]     pkmap   : 0xff800000 - 0xffc00000   (4096 kB)
[    0.000000]     vmalloc : 0xf7ffe000 - 0xff7fe000   ( 120 MB)
[    0.000000]     lowmem  : 0xc0000000 - 0xf77fe000   ( 887 MB)
[    0.000000]       .init : 0xc05b4000 - 0xc0627000   ( 460 kB)
[    0.000000]       .data : 0xc044bd5f - 0xc05b3ec0   (1440 kB)
[    0.000000]       .text : 0xc0100000 - 0xc044bd5f   (3375 kB)
[    0.000000] Checking if this processor honours the WP bit even in supervisor mode...Ok.
[    0.000000] SLUB: Genslabs=15, HWalign=64, Order=0-3, MinObjects=0, CPUs=8, Nodes=1
[    0.000000] Hierarchical RCU implementation.
[    0.000000] 	RCU dyntick-idle grace-period acceleration is enabled.
[    0.000000] NR_IRQS:2304 nr_irqs:744 16
[    0.000000] CPU 0 irqstacks, hard=f640a000 soft=f640c000
[    0.000000] Extended CMOS year: 2000
[    0.000000] Console: colour VGA+ 80x25
[    0.000000] console [tty0] enabled
[    0.000000] TSC freq read from hypervisor : 2494.429 MHz
[    0.000000] Detected 2494.429 MHz processor.
[    0.000001] Calibrating delay loop (skipped) preset value.. 4988.85 BogoMIPS (lpj=9977716)
[    0.000004] pid_max: default: 32768 minimum: 301
[    0.000019] Security Framework initialized
[    0.000031] Mount-cache hash table entries: 512
[    0.000124] Initializing cgroup subsys cpuacct
[    0.000127] Initializing cgroup subsys memory
[    0.000131] Initializing cgroup subsys devices
[    0.000132] Initializing cgroup subsys freezer
[    0.000273] Disabled fast string operations
[    0.000284] CPU: Physical Processor ID: 0
[    0.000347] ENERGY_PERF_BIAS: Set to 'normal', was 'performance'
[    0.000348] ENERGY_PERF_BIAS: View and update with x86_energy_perf_policy(8)
[    0.000932] mce: CPU supports 0 MCE banks
[    0.001489] ACPI: Core revision 20110623
[    0.009277] Enabling APIC mode:  Flat.  Using 1 I/O APICs
[    0.009848] ..TIMER: vector=0x30 apic1=0 pin1=2 apic2=-1 pin2=-1
[    0.049489] CPU0: Intel(R) Core(TM) i5-3210M CPU @ 2.50GHz stepping 09
[    0.155994] Performance Events: generic architected perfmon v1, core PMU driver.
[    0.156049] ... version:                1
[    0.156051] ... bit width:              48
[    0.156052] ... generic registers:      4
[    0.156053] ... value mask:             0000ffffffffffff
[    0.156054] ... max period:             000000007fffffff
[    0.156055] ... fixed-purpose events:   0
[    0.156056] ... event mask:             000000000000000f
[    0.156259] CPU 1 irqstacks, hard=f64ce000 soft=f64d8000
[    0.156261] Booting Node   0, Processors  #1
[    0.156262] smpboot cpu 1: start_ip = 9a000
[    0.166334] Initializing CPU#1
[    0.167459] Disabled fast string operations
[    0.168168] mce: CPU supports 0 MCE banks
[    0.168287] Brought up 2 CPUs
[    0.168290] Total of 2 processors activated (9977.71 BogoMIPS).
[    0.169417] devtmpfs: initialized
[    0.169654] NET: Registered protocol family 16
[    0.169718] EISA bus registered
[    0.169726] ACPI: bus type pci registered
[    0.169907] PCI: MMCONFIG for domain 0000 [bus 00-7f] at [mem 0xf0000000-0xf7ffffff] (base 0xf0000000)
[    0.169909] PCI: MMCONFIG at [mem 0xf0000000-0xf7ffffff] reserved in E820
[    0.169911] PCI: Using MMCONFIG for extended config space
[    0.169912] PCI: Using configuration type 1 for base access
[    0.170425] bio: create slab <bio-0> at 0
[    0.170522] ACPI: Added _OSI(Module Device)
[    0.170523] ACPI: Added _OSI(Processor Device)
[    0.170525] ACPI: Added _OSI(3.0 _SCP Extensions)
[    0.170526] ACPI: Added _OSI(Processor Aggregator Device)
[    0.174168] ACPI: EC: Look up EC in DSDT
[    0.180491] [Firmware Bug]: ACPI: BIOS _OSI(Linux) query ignored
[    2.051330] ACPI: Interpreter enabled
[    2.051340] ACPI: (supports S0 S1 S5)
[    2.051358] ACPI: Using IOAPIC for interrupt routing
[    3.164624] PCI: Using host bridge windows from ACPI; if necessary, use "pci=nocrs" and report a bug
[    3.165332] ACPI: PCI Root Bridge [PCI0] (domain 0000 [bus 00-7f])
[    3.166447] pci_root PNP0A03:00: host bridge window [mem 0x000a0000-0x000bffff]
[    3.166449] pci_root PNP0A03:00: host bridge window [mem 0x000d0000-0x000d3fff]
[    3.166450] pci_root PNP0A03:00: host bridge window [mem 0x000d4000-0x000d7fff]
[    3.166452] pci_root PNP0A03:00: host bridge window [mem 0x000d8000-0x000dbfff]
[    3.166453] pci_root PNP0A03:00: host bridge window [mem 0xc0000000-0xfebfffff]
[    3.166455] pci_root PNP0A03:00: host bridge window [io  0x0000-0x0cf7]
[    3.166456] pci_root PNP0A03:00: host bridge window [io  0x0d00-0xfeff]
[    3.166513] pci 0000:00:00.0: [8086:7190] type 0 class 0x000600
[    3.166914] pci 0000:00:01.0: [8086:7191] type 1 class 0x000604
[    3.167294] pci 0000:00:07.0: [8086:7110] type 0 class 0x000601
[    3.167842] pci 0000:00:07.1: [8086:7111] type 0 class 0x000101
[    3.169619] pci 0000:00:07.1: reg 20: [io  0x1060-0x106f]
[    3.170374] pci 0000:00:07.3: [8086:7113] type 0 class 0x000680
[    3.172161] pci 0000:00:07.3: quirk: [io  0x1000-0x103f] claimed by PIIX4 ACPI
[    3.172173] pci 0000:00:07.3: quirk: [io  0x1040-0x104f] claimed by PIIX4 SMB
[    3.172395] pci 0000:00:07.7: [15ad:0740] type 0 class 0x000880
[    3.173088] pci 0000:00:07.7: reg 10: [io  0x1080-0x10bf]
[    3.174052] pci 0000:00:07.7: reg 14: [mem 0xfebfe000-0xfebfffff 64bit]
[    3.177349] pci 0000:00:0f.0: [15ad:0405] type 0 class 0x000300
[    3.184212] pci 0000:00:0f.0: reg 10: [io  0x1070-0x107f]
[    3.191016] pci 0000:00:0f.0: reg 14: [mem 0xe8000000-0xefffffff pref]
[    3.197867] pci 0000:00:0f.0: reg 18: [mem 0xfe000000-0xfe7fffff]
[    3.224784] pci 0000:00:0f.0: reg 30: [mem 0x00000000-0x00007fff pref]
[    3.225213] pci 0000:00:10.0: [1000:0030] type 0 class 0x000100
[    3.226201] pci 0000:00:10.0: reg 10: [io  0x1400-0x14ff]
[    3.227475] pci 0000:00:10.0: reg 14: [mem 0xfeba0000-0xfebbffff 64bit]
[    3.228808] pci 0000:00:10.0: reg 1c: [mem 0xfebc0000-0xfebdffff 64bit]
[    3.230924] pci 0000:00:10.0: reg 30: [mem 0x00000000-0x00003fff pref]
[    3.231266] pci 0000:00:11.0: [15ad:0790] type 1 class 0x000604
[    3.231859] pci 0000:00:15.0: [15ad:07a0] type 1 class 0x000604
[    3.232535] pci 0000:00:15.0: PME# supported from D0 D3hot D3cold
[    3.232555] pci 0000:00:15.0: PME# disabled
[    3.232776] pci 0000:00:15.1: [15ad:07a0] type 1 class 0x000604
[    3.233424] pci 0000:00:15.1: PME# supported from D0 D3hot D3cold
[    3.233443] pci 0000:00:15.1: PME# disabled
[    3.233639] pci 0000:00:15.2: [15ad:07a0] type 1 class 0x000604
[    3.234281] pci 0000:00:15.2: PME# supported from D0 D3hot D3cold
[    3.234301] pci 0000:00:15.2: PME# disabled
[    3.234496] pci 0000:00:15.3: [15ad:07a0] type 1 class 0x000604
[    3.235115] pci 0000:00:15.3: PME# supported from D0 D3hot D3cold
[    3.235134] pci 0000:00:15.3: PME# disabled
[    3.235358] pci 0000:00:15.4: [15ad:07a0] type 1 class 0x000604
[    3.235983] pci 0000:00:15.4: PME# supported from D0 D3hot D3cold
[    3.236003] pci 0000:00:15.4: PME# disabled
[    3.236276] pci 0000:00:15.5: [15ad:07a0] type 1 class 0x000604
[    3.236901] pci 0000:00:15.5: PME# supported from D0 D3hot D3cold
[    3.236921] pci 0000:00:15.5: PME# disabled
[    3.237134] pci 0000:00:15.6: [15ad:07a0] type 1 class 0x000604
[    3.237789] pci 0000:00:15.6: PME# supported from D0 D3hot D3cold
[    3.237808] pci 0000:00:15.6: PME# disabled
[    3.238005] pci 0000:00:15.7: [15ad:07a0] type 1 class 0x000604
[    3.238668] pci 0000:00:15.7: PME# supported from D0 D3hot D3cold
[    3.238687] pci 0000:00:15.7: PME# disabled
[    3.238883] pci 0000:00:16.0: [15ad:07a0] type 1 class 0x000604
[    3.239529] pci 0000:00:16.0: PME# supported from D0 D3hot D3cold
[    3.239548] pci 0000:00:16.0: PME# disabled
[    3.239744] pci 0000:00:16.1: [15ad:07a0] type 1 class 0x000604
[    3.240399] pci 0000:00:16.1: PME# supported from D0 D3hot D3cold
[    3.240418] pci 0000:00:16.1: PME# disabled
[    3.240613] pci 0000:00:16.2: [15ad:07a0] type 1 class 0x000604
[    3.241251] pci 0000:00:16.2: PME# supported from D0 D3hot D3cold
[    3.241270] pci 0000:00:16.2: PME# disabled
[    3.241465] pci 0000:00:16.3: [15ad:07a0] type 1 class 0x000604
[    3.242082] pci 0000:00:16.3: PME# supported from D0 D3hot D3cold
[    3.242102] pci 0000:00:16.3: PME# disabled
[    3.242338] pci 0000:00:16.4: [15ad:07a0] type 1 class 0x000604
[    3.242957] pci 0000:00:16.4: PME# supported from D0 D3hot D3cold
[    3.242977] pci 0000:00:16.4: PME# disabled
[    3.243188] pci 0000:00:16.5: [15ad:07a0] type 1 class 0x000604
[    3.243817] pci 0000:00:16.5: PME# supported from D0 D3hot D3cold
[    3.243836] pci 0000:00:16.5: PME# disabled
[    3.244036] pci 0000:00:16.6: [15ad:07a0] type 1 class 0x000604
[    3.244708] pci 0000:00:16.6: PME# supported from D0 D3hot D3cold
[    3.244728] pci 0000:00:16.6: PME# disabled
[    3.244923] pci 0000:00:16.7: [15ad:07a0] type 1 class 0x000604
[    3.245571] pci 0000:00:16.7: PME# supported from D0 D3hot D3cold
[    3.245591] pci 0000:00:16.7: PME# disabled
[    3.245786] pci 0000:00:17.0: [15ad:07a0] type 1 class 0x000604
[    3.246427] pci 0000:00:17.0: PME# supported from D0 D3hot D3cold
[    3.246447] pci 0000:00:17.0: PME# disabled
[    3.246642] pci 0000:00:17.1: [15ad:07a0] type 1 class 0x000604
[    3.247293] pci 0000:00:17.1: PME# supported from D0 D3hot D3cold
[    3.247312] pci 0000:00:17.1: PME# disabled
[    3.247507] pci 0000:00:17.2: [15ad:07a0] type 1 class 0x000604
[    3.248144] pci 0000:00:17.2: PME# supported from D0 D3hot D3cold
[    3.248173] pci 0000:00:17.2: PME# disabled
[    3.248383] pci 0000:00:17.3: [15ad:07a0] type 1 class 0x000604
[    3.249002] pci 0000:00:17.3: PME# supported from D0 D3hot D3cold
[    3.249022] pci 0000:00:17.3: PME# disabled
[    3.249237] pci 0000:00:17.4: [15ad:07a0] type 1 class 0x000604
[    3.249857] pci 0000:00:17.4: PME# supported from D0 D3hot D3cold
[    3.249876] pci 0000:00:17.4: PME# disabled
[    3.250071] pci 0000:00:17.5: [15ad:07a0] type 1 class 0x000604
[    3.250747] pci 0000:00:17.5: PME# supported from D0 D3hot D3cold
[    3.250768] pci 0000:00:17.5: PME# disabled
[    3.250989] pci 0000:00:17.6: [15ad:07a0] type 1 class 0x000604
[    3.251712] pci 0000:00:17.6: PME# supported from D0 D3hot D3cold
[    3.251735] pci 0000:00:17.6: PME# disabled
[    3.251982] pci 0000:00:17.7: [15ad:07a0] type 1 class 0x000604
[    3.252974] pci 0000:00:17.7: PME# supported from D0 D3hot D3cold
[    3.252997] pci 0000:00:17.7: PME# disabled
[    3.253225] pci 0000:00:18.0: [15ad:07a0] type 1 class 0x000604
[    3.253896] pci 0000:00:18.0: PME# supported from D0 D3hot D3cold
[    3.253918] pci 0000:00:18.0: PME# disabled
[    3.254157] pci 0000:00:18.1: [15ad:07a0] type 1 class 0x000604
[    3.254847] pci 0000:00:18.1: PME# supported from D0 D3hot D3cold
[    3.254868] pci 0000:00:18.1: PME# disabled
[    3.255080] pci 0000:00:18.2: [15ad:07a0] type 1 class 0x000604
[    3.255768] pci 0000:00:18.2: PME# supported from D0 D3hot D3cold
[    3.255788] pci 0000:00:18.2: PME# disabled
[    3.256018] pci 0000:00:18.3: [15ad:07a0] type 1 class 0x000604
[    3.256714] pci 0000:00:18.3: PME# supported from D0 D3hot D3cold
[    3.256738] pci 0000:00:18.3: PME# disabled
[    3.256947] pci 0000:00:18.4: [15ad:07a0] type 1 class 0x000604
[    3.257633] pci 0000:00:18.4: PME# supported from D0 D3hot D3cold
[    3.257654] pci 0000:00:18.4: PME# disabled
[    3.257866] pci 0000:00:18.5: [15ad:07a0] type 1 class 0x000604
[    3.258553] pci 0000:00:18.5: PME# supported from D0 D3hot D3cold
[    3.258574] pci 0000:00:18.5: PME# disabled
[    3.258792] pci 0000:00:18.6: [15ad:07a0] type 1 class 0x000604
[    3.259465] pci 0000:00:18.6: PME# supported from D0 D3hot D3cold
[    3.259486] pci 0000:00:18.6: PME# disabled
[    3.259694] pci 0000:00:18.7: [15ad:07a0] type 1 class 0x000604
[    3.260370] pci 0000:00:18.7: PME# supported from D0 D3hot D3cold
[    3.260390] pci 0000:00:18.7: PME# disabled
[    3.260919] pci 0000:00:01.0: PCI bridge to [bus 01-01]
[    3.261228] pci 0000:02:00.0: [15ad:0774] type 0 class 0x000c03
[    3.262702] pci 0000:02:00.0: reg 20: [io  0x20c0-0x20df]
[    3.263499] pci 0000:02:01.0: [1022:2000] type 0 class 0x000200
[    3.263790] pci 0000:02:01.0: reg 10: [io  0x2000-0x207f]
[    3.265530] pci 0000:02:01.0: reg 30: [mem 0x00000000-0x0000ffff pref]
[    3.265676] pci 0000:02:02.0: [1274:1371] type 0 class 0x000401
[    3.266028] pci 0000:02:02.0: reg 10: [io  0x2080-0x20bf]
[    3.268149] pci 0000:02:03.0: [15ad:0770] type 0 class 0x000c03
[    3.268641] pci 0000:02:03.0: reg 10: [mem 0xfd5ff000-0xfd5fffff]
[    3.271711] pci 0000:02:05.0: [15ad:07e0] type 0 class 0x000106
[    3.274445] pci 0000:02:05.0: reg 24: [mem 0xfd5fe000-0xfd5fefff]
[    3.274847] pci 0000:02:05.0: reg 30: [mem 0x00000000-0x0000ffff pref]
[    3.275243] pci 0000:02:05.0: PME# supported from D3hot
[    3.275264] pci 0000:02:05.0: PME# disabled
[    3.275595] pci 0000:00:11.0: PCI bridge to [bus 02-02] (subtractive decode)
[    3.275616] pci 0000:00:11.0:   bridge window [io  0x2000-0x3fff]
[    3.275636] pci 0000:00:11.0:   bridge window [mem 0xfd500000-0xfdffffff]
[    3.275675] pci 0000:00:11.0:   bridge window [mem 0xe7b00000-0xe7ffffff 64bit pref]
[    3.275677] pci 0000:00:11.0:   bridge window [mem 0x000a0000-0x000bffff] (subtractive decode)
[    3.275679] pci 0000:00:11.0:   bridge window [mem 0x000d0000-0x000d3fff] (subtractive decode)
[    3.275680] pci 0000:00:11.0:   bridge window [mem 0x000d4000-0x000d7fff] (subtractive decode)
[    3.275682] pci 0000:00:11.0:   bridge window [mem 0x000d8000-0x000dbfff] (subtractive decode)
[    3.275684] pci 0000:00:11.0:   bridge window [mem 0xc0000000-0xfebfffff] (subtractive decode)
[    3.275685] pci 0000:00:11.0:   bridge window [io  0x0000-0x0cf7] (subtractive decode)
[    3.275687] pci 0000:00:11.0:   bridge window [io  0x0d00-0xfeff] (subtractive decode)
[    3.276153] pci 0000:00:15.0: PCI bridge to [bus 03-03]
[    3.276173] pci 0000:00:15.0:   bridge window [io  0x4000-0x4fff]
[    3.276194] pci 0000:00:15.0:   bridge window [mem 0xfd400000-0xfd4fffff]
[    3.276233] pci 0000:00:15.0:   bridge window [mem 0xe7a00000-0xe7afffff 64bit pref]
[    3.276650] pci 0000:00:15.1: PCI bridge to [bus 04-04]
[    3.276670] pci 0000:00:15.1:   bridge window [io  0x8000-0x8fff]
[    3.276691] pci 0000:00:15.1:   bridge window [mem 0xfd000000-0xfd0fffff]
[    3.276730] pci 0000:00:15.1:   bridge window [mem 0xe7600000-0xe76fffff 64bit pref]
[    3.277186] pci 0000:00:15.2: PCI bridge to [bus 05-05]
[    3.277206] pci 0000:00:15.2:   bridge window [io  0xc000-0xcfff]
[    3.277227] pci 0000:00:15.2:   bridge window [mem 0xfcc00000-0xfccfffff]
[    3.277265] pci 0000:00:15.2:   bridge window [mem 0xe7200000-0xe72fffff 64bit pref]
[    3.277682] pci 0000:00:15.3: PCI bridge to [bus 06-06]
[    3.277720] pci 0000:00:15.3:   bridge window [mem 0xfc800000-0xfc8fffff]
[    3.277759] pci 0000:00:15.3:   bridge window [mem 0xe6e00000-0xe6efffff 64bit pref]
[    3.278220] pci 0000:00:15.4: PCI bridge to [bus 07-07]
[    3.278256] pci 0000:00:15.4:   bridge window [mem 0xfc400000-0xfc4fffff]
[    3.278292] pci 0000:00:15.4:   bridge window [mem 0xe6a00000-0xe6afffff 64bit pref]
[    3.278681] pci 0000:00:15.5: PCI bridge to [bus 08-08]
[    3.278716] pci 0000:00:15.5:   bridge window [mem 0xfc000000-0xfc0fffff]
[    3.278753] pci 0000:00:15.5:   bridge window [mem 0xe6600000-0xe66fffff 64bit pref]
[    3.279159] pci 0000:00:15.6: PCI bridge to [bus 09-09]
[    3.279194] pci 0000:00:15.6:   bridge window [mem 0xfbc00000-0xfbcfffff]
[    3.279230] pci 0000:00:15.6:   bridge window [mem 0xe6200000-0xe62fffff 64bit pref]
[    3.279616] pci 0000:00:15.7: PCI bridge to [bus 0a-0a]
[    3.279652] pci 0000:00:15.7:   bridge window [mem 0xfb800000-0xfb8fffff]
[    3.279688] pci 0000:00:15.7:   bridge window [mem 0xe5e00000-0xe5efffff 64bit pref]
[    3.280088] pci 0000:00:16.0: PCI bridge to [bus 0b-0b]
[    3.280122] pci 0000:00:16.0:   bridge window [io  0x5000-0x5fff]
[    3.280143] pci 0000:00:16.0:   bridge window [mem 0xfd300000-0xfd3fffff]
[    3.280190] pci 0000:00:16.0:   bridge window [mem 0xe7900000-0xe79fffff 64bit pref]
[    3.280577] pci 0000:00:16.1: PCI bridge to [bus 0c-0c]
[    3.280595] pci 0000:00:16.1:   bridge window [io  0x9000-0x9fff]
[    3.280614] pci 0000:00:16.1:   bridge window [mem 0xfcf00000-0xfcffffff]
[    3.280651] pci 0000:00:16.1:   bridge window [mem 0xe7500000-0xe75fffff 64bit pref]
[    3.281036] pci 0000:00:16.2: PCI bridge to [bus 0d-0d]
[    3.281054] pci 0000:00:16.2:   bridge window [io  0xd000-0xdfff]
[    3.281073] pci 0000:00:16.2:   bridge window [mem 0xfcb00000-0xfcbfffff]
[    3.281120] pci 0000:00:16.2:   bridge window [mem 0xe7100000-0xe71fffff 64bit pref]
[    3.281520] pci 0000:00:16.3: PCI bridge to [bus 0e-0e]
[    3.281556] pci 0000:00:16.3:   bridge window [mem 0xfc700000-0xfc7fffff]
[    3.281592] pci 0000:00:16.3:   bridge window [mem 0xe6d00000-0xe6dfffff 64bit pref]
[    3.281979] pci 0000:00:16.4: PCI bridge to [bus 0f-0f]
[    3.282015] pci 0000:00:16.4:   bridge window [mem 0xfc300000-0xfc3fffff]
[    3.282052] pci 0000:00:16.4:   bridge window [mem 0xe6900000-0xe69fffff 64bit pref]
[    3.282514] pci 0000:00:16.5: PCI bridge to [bus 10-10]
[    3.282550] pci 0000:00:16.5:   bridge window [mem 0xfbf00000-0xfbffffff]
[    3.282586] pci 0000:00:16.5:   bridge window [mem 0xe6500000-0xe65fffff 64bit pref]
[    3.282974] pci 0000:00:16.6: PCI bridge to [bus 11-11]
[    3.283010] pci 0000:00:16.6:   bridge window [mem 0xfbb00000-0xfbbfffff]
[    3.283046] pci 0000:00:16.6:   bridge window [mem 0xe6100000-0xe61fffff 64bit pref]
[    3.283452] pci 0000:00:16.7: PCI bridge to [bus 12-12]
[    3.283487] pci 0000:00:16.7:   bridge window [mem 0xfb700000-0xfb7fffff]
[    3.283524] pci 0000:00:16.7:   bridge window [mem 0xe5d00000-0xe5dfffff 64bit pref]
[    3.283916] pci 0000:00:17.0: PCI bridge to [bus 13-13]
[    3.283934] pci 0000:00:17.0:   bridge window [io  0x6000-0x6fff]
[    3.283953] pci 0000:00:17.0:   bridge window [mem 0xfd200000-0xfd2fffff]
[    3.283990] pci 0000:00:17.0:   bridge window [mem 0xe7800000-0xe78fffff 64bit pref]
[    3.284405] pci 0000:00:17.1: PCI bridge to [bus 14-14]
[    3.284423] pci 0000:00:17.1:   bridge window [io  0xa000-0xafff]
[    3.284442] pci 0000:00:17.1:   bridge window [mem 0xfce00000-0xfcefffff]
[    3.284478] pci 0000:00:17.1:   bridge window [mem 0xe7400000-0xe74fffff 64bit pref]
[    3.284863] pci 0000:00:17.2: PCI bridge to [bus 15-15]
[    3.284881] pci 0000:00:17.2:   bridge window [io  0xe000-0xefff]
[    3.284900] pci 0000:00:17.2:   bridge window [mem 0xfca00000-0xfcafffff]
[    3.284936] pci 0000:00:17.2:   bridge window [mem 0xe7000000-0xe70fffff 64bit pref]
[    3.285349] pci 0000:00:17.3: PCI bridge to [bus 16-16]
[    3.285385] pci 0000:00:17.3:   bridge window [mem 0xfc600000-0xfc6fffff]
[    3.285421] pci 0000:00:17.3:   bridge window [mem 0xe6c00000-0xe6cfffff 64bit pref]
[    3.285808] pci 0000:00:17.4: PCI bridge to [bus 17-17]
[    3.285843] pci 0000:00:17.4:   bridge window [mem 0xfc200000-0xfc2fffff]
[    3.285880] pci 0000:00:17.4:   bridge window [mem 0xe6800000-0xe68fffff 64bit pref]
[    3.286318] pci 0000:00:17.5: PCI bridge to [bus 18-18]
[    3.286353] pci 0000:00:17.5:   bridge window [mem 0xfbe00000-0xfbefffff]
[    3.286390] pci 0000:00:17.5:   bridge window [mem 0xe6400000-0xe64fffff 64bit pref]
[    3.286776] pci 0000:00:17.6: PCI bridge to [bus 19-19]
[    3.286812] pci 0000:00:17.6:   bridge window [mem 0xfba00000-0xfbafffff]
[    3.286848] pci 0000:00:17.6:   bridge window [mem 0xe6000000-0xe60fffff 64bit pref]
[    3.287256] pci 0000:00:17.7: PCI bridge to [bus 1a-1a]
[    3.287292] pci 0000:00:17.7:   bridge window [mem 0xfb600000-0xfb6fffff]
[    3.287328] pci 0000:00:17.7:   bridge window [mem 0xe5c00000-0xe5cfffff 64bit pref]
[    3.287714] pci 0000:00:18.0: PCI bridge to [bus 1b-1b]
[    3.287733] pci 0000:00:18.0:   bridge window [io  0x7000-0x7fff]
[    3.287752] pci 0000:00:18.0:   bridge window [mem 0xfd100000-0xfd1fffff]
[    3.287793] pci 0000:00:18.0:   bridge window [mem 0xe7700000-0xe77fffff 64bit pref]
[    3.288207] pci 0000:00:18.1: PCI bridge to [bus 1c-1c]
[    3.288226] pci 0000:00:18.1:   bridge window [io  0xb000-0xbfff]
[    3.288245] pci 0000:00:18.1:   bridge window [mem 0xfcd00000-0xfcdfffff]
[    3.288281] pci 0000:00:18.1:   bridge window [mem 0xe7300000-0xe73fffff 64bit pref]
[    3.288666] pci 0000:00:18.2: PCI bridge to [bus 1d-1d]
[    3.288702] pci 0000:00:18.2:   bridge window [mem 0xfc900000-0xfc9fffff]
[    3.288738] pci 0000:00:18.2:   bridge window [mem 0xe6f00000-0xe6ffffff 64bit pref]
[    3.289149] pci 0000:00:18.3: PCI bridge to [bus 1e-1e]
[    3.289184] pci 0000:00:18.3:   bridge window [mem 0xfc500000-0xfc5fffff]
[    3.289221] pci 0000:00:18.3:   bridge window [mem 0xe6b00000-0xe6bfffff 64bit pref]
[    3.289606] pci 0000:00:18.4: PCI bridge to [bus 1f-1f]
[    3.289641] pci 0000:00:18.4:   bridge window [mem 0xfc100000-0xfc1fffff]
[    3.289678] pci 0000:00:18.4:   bridge window [mem 0xe6700000-0xe67fffff 64bit pref]
[    3.290065] pci 0000:00:18.5: PCI bridge to [bus 20-20]
[    3.290120] pci 0000:00:18.5:   bridge window [mem 0xfbd00000-0xfbdfffff]
[    3.290159] pci 0000:00:18.5:   bridge window [mem 0xe6300000-0xe63fffff 64bit pref]
[    3.290557] pci 0000:00:18.6: PCI bridge to [bus 21-21]
[    3.290593] pci 0000:00:18.6:   bridge window [mem 0xfb900000-0xfb9fffff]
[    3.290629] pci 0000:00:18.6:   bridge window [mem 0xe5f00000-0xe5ffffff 64bit pref]
[    3.291015] pci 0000:00:18.7: PCI bridge to [bus 22-22]
[    3.291050] pci 0000:00:18.7:   bridge window [mem 0xfb500000-0xfb5fffff]
[    3.291094] pci 0000:00:18.7:   bridge window [mem 0xe5b00000-0xe5bfffff 64bit pref]
[    3.292804] pci_bus 0000:00: on NUMA node 0
[    3.292809] ACPI: PCI Interrupt Routing Table [\_SB_.PCI0._PRT]
[    3.293307]  pci0000:00: Requesting ACPI _OSC control (0x1d)
[    3.293506]  pci0000:00: ACPI _OSC control (0x15) granted
[    3.361792] ACPI: PCI Interrupt Link [LNKA] (IRQs 3 4 5 6 7 *9 10 11 14 15)
[    3.361849] ACPI: PCI Interrupt Link [LNKB] (IRQs 3 4 5 6 7 9 10 *11 14 15)
[    3.361902] ACPI: PCI Interrupt Link [LNKC] (IRQs 3 4 5 6 7 9 *10 11 14 15)
[    3.361954] ACPI: PCI Interrupt Link [LNKD] (IRQs 3 4 5 6 *7 9 10 11 14 15)
[    3.362167] vgaarb: device added: PCI:0000:00:0f.0,decodes=io+mem,owns=io+mem,locks=none
[    3.362186] vgaarb: loaded
[    3.362187] vgaarb: bridge control possible 0000:00:0f.0
[    3.362278] SCSI subsystem initialized
[    3.362306] usbcore: registered new interface driver usbfs
[    3.362312] usbcore: registered new interface driver hub
[    3.362431] usbcore: registered new device driver usb
[    3.362449] PCI: Using ACPI for IRQ routing
[    3.387850] PCI: pci_cache_line_size set to 64 bytes
[    3.388756] reserve RAM buffer: 000000000009e800 - 000000000009ffff 
[    3.388758] reserve RAM buffer: 00000000bfee0000 - 00000000bfffffff 
[    3.388834] NetLabel: Initializing
[    3.388835] NetLabel:  domain hash size = 128
[    3.388836] NetLabel:  protocols = UNLABELED CIPSOv4
[    3.388842] NetLabel:  unlabeled traffic allowed by default
[    3.388888] pnp: PnP ACPI init
[    3.388891] ACPI: bus type pnp registered
[    3.389446] pnp 00:00: [bus 00-7f]
[    3.389448] pnp 00:00: [mem 0x000a0000-0x000bffff window]
[    3.389449] pnp 00:00: [mem 0x000c0000-0x000c3fff window]
[    3.389450] pnp 00:00: [mem 0x000c4000-0x000c7fff window]
[    3.389452] pnp 00:00: [mem 0x000c8000-0x000cbfff window]
[    3.389453] pnp 00:00: [mem 0x000cc000-0x000cffff window]
[    3.389454] pnp 00:00: [mem 0x000d0000-0x000d3fff window]
[    3.389456] pnp 00:00: [mem 0x000d4000-0x000d7fff window]
[    3.389457] pnp 00:00: [mem 0x000d8000-0x000dbfff window]
[    3.389458] pnp 00:00: [mem 0x000dc000-0x000dffff window]
[    3.389459] pnp 00:00: [mem 0x000e0000-0x000e3fff window]
[    3.389461] pnp 00:00: [mem 0x000e4000-0x000e7fff window]
[    3.389462] pnp 00:00: [mem 0x000e8000-0x000ebfff window]
[    3.389463] pnp 00:00: [mem 0x000ec000-0x000effff window]
[    3.389465] pnp 00:00: [mem 0xc0000000-0xfebfffff window]
[    3.389466] pnp 00:00: [mem 0x00000000 window]
[    3.389467] pnp 00:00: [io  0x0cf8-0x0cff]
[    3.389469] pnp 00:00: [io  0x0000-0x0cf7 window]
[    3.389470] pnp 00:00: [io  0x0d00-0xfeff window]
[    3.389502] pnp 00:00: Plug and Play ACPI device, IDs PNP0a03 PNP0a08 (active)
[    3.389569] pnp 00:01: [io  0x0010-0x001f]
[    3.389570] pnp 00:01: [io  0x0024-0x0025]
[    3.389571] pnp 00:01: [io  0x0028-0x0029]
[    3.389572] pnp 00:01: [io  0x002c-0x002d]
[    3.389573] pnp 00:01: [io  0x002e-0x002f]
[    3.389574] pnp 00:01: [io  0x0030-0x0031]
[    3.389575] pnp 00:01: [io  0x0034-0x0035]
[    3.389576] pnp 00:01: [io  0x0038-0x0039]
[    3.389577] pnp 00:01: [io  0x003c-0x003d]
[    3.389579] pnp 00:01: [io  0x0050-0x0053]
[    3.389580] pnp 00:01: [io  0x0072-0x0077]
[    3.389584] pnp 00:01: [io  0x0080]
[    3.389586] pnp 00:01: [io  0x0090-0x009f]
[    3.389587] pnp 00:01: [io  0x00a4-0x00a5]
[    3.389588] pnp 00:01: [io  0x00a8-0x00a9]
[    3.389589] pnp 00:01: [io  0x00ac-0x00ad]
[    3.389590] pnp 00:01: [io  0x00b0-0x00b5]
[    3.389591] pnp 00:01: [io  0x00b8-0x00b9]
[    3.389592] pnp 00:01: [io  0x00bc-0x00bd]
[    3.389593] pnp 00:01: [io  0x1000-0x103f]
[    3.389594] pnp 00:01: [io  0x1040-0x104f]
[    3.389596] pnp 00:01: [io  0x0cf0-0x0cf1]
[    3.389636] system 00:01: [io  0x1000-0x103f] has been reserved
[    3.389638] system 00:01: [io  0x1040-0x104f] has been reserved
[    3.389640] system 00:01: [io  0x0cf0-0x0cf1] has been reserved
[    3.389642] system 00:01: Plug and Play ACPI device, IDs PNP0c02 (active)
[    3.389647] pnp 00:02: [io  0x0000-0x000f]
[    3.389648] pnp 00:02: [io  0x0081-0x008f]
[    3.389649] pnp 00:02: [io  0x00c0-0x00df]
[    3.389651] pnp 00:02: [dma 4]
[    3.389661] pnp 00:02: Plug and Play ACPI device, IDs PNP0200 (active)
[    3.389666] pnp 00:03: [io  0x0020-0x0021]
[    3.389667] pnp 00:03: [io  0x00a0-0x00a1]
[    3.389668] pnp 00:03: [io  0x04d0-0x04d1]
[    3.389670] pnp 00:03: [irq 2 disabled]
[    3.389682] pnp 00:03: Plug and Play ACPI device, IDs PNP0001 (active)
[    3.389687] pnp 00:04: [io  0x0070-0x0071]
[    3.389702] pnp 00:04: [irq 8]
[    3.389713] pnp 00:04: Plug and Play ACPI device, IDs PNP0b00 (active)
[    3.389717] pnp 00:05: [io  0x0061]
[    3.389727] pnp 00:05: Plug and Play ACPI device, IDs PNP0800 (active)
[    3.389732] pnp 00:06: [io  0x0060]
[    3.389733] pnp 00:06: [io  0x0064]
[    3.389737] pnp 00:06: [irq 1]
[    3.389748] pnp 00:06: Plug and Play ACPI device, IDs PNP0303 (active)
[    3.389756] pnp 00:07: [irq 12]
[    3.389766] pnp 00:07: Plug and Play ACPI device, IDs PNP0f13 (active)
[    3.391305] pnp 00:08: [io  0x03f0-0x03f5]
[    3.391307] pnp 00:08: [io  0x03f7]
[    3.391316] pnp 00:08: [irq 6]
[    3.391317] pnp 00:08: [dma 2]
[    3.391363] pnp 00:08: Plug and Play ACPI device, IDs PNP0700 (active)
[    3.391508] pnp 00:09: [mem 0xf0000000-0xf7ffffff]
[    3.391509] pnp 00:09: [io  0xfce0-0xfcff]
[    3.391510] pnp 00:09: [mem 0xfe800000-0xfe9fffff]
[    3.391553] system 00:09: [io  0xfce0-0xfcff] has been reserved
[    3.391556] system 00:09: [mem 0xf0000000-0xf7ffffff] has been reserved
[    3.391559] system 00:09: [mem 0xfe800000-0xfe9fffff] has been reserved
[    3.391561] system 00:09: Plug and Play ACPI device, IDs PNP0c02 (active)
[    3.440002] pnp 00:0a: [mem 0x10000000-0xbfffffff window]
[    3.440046] pnp 00:0a: Plug and Play ACPI device, IDs PNP0c80 (active)
[    3.464035] pnp 00:0b: [mem 0x00000000-0x3fffffff window]
[    3.464092] pnp 00:0b: Plug and Play ACPI device, IDs PNP0c80 (active)
[    4.421956] pnp: PnP ACPI: found 12 devices
[    4.421959] ACPI: ACPI bus type pnp unregistered
[    4.421963] PnPBIOS: Disabled by ACPI PNP
[    4.461612] Switching to clocksource acpi_pm
[    4.461670] PCI: max bus depth: 1 pci_try_num: 2
[    4.461732] pci 0000:00:0f.0: BAR 6: assigned [mem 0xc0000000-0xc0007fff pref]
[    4.461736] pci 0000:00:10.0: BAR 6: assigned [mem 0xc0008000-0xc000bfff pref]
[    4.461741] pci 0000:00:18.7: BAR 13: can't assign io (size 0x1000)
[    4.461744] pci 0000:00:18.6: BAR 13: can't assign io (size 0x1000)
[    4.461746] pci 0000:00:18.5: BAR 13: can't assign io (size 0x1000)
[    4.461749] pci 0000:00:18.4: BAR 13: can't assign io (size 0x1000)
[    4.461751] pci 0000:00:18.3: BAR 13: can't assign io (size 0x1000)
[    4.461754] pci 0000:00:18.2: BAR 13: can't assign io (size 0x1000)
[    4.461757] pci 0000:00:17.7: BAR 13: can't assign io (size 0x1000)
[    4.461759] pci 0000:00:17.6: BAR 13: can't assign io (size 0x1000)
[    4.461762] pci 0000:00:17.5: BAR 13: can't assign io (size 0x1000)
[    4.461765] pci 0000:00:17.4: BAR 13: can't assign io (size 0x1000)
[    4.461786] pci 0000:00:17.3: BAR 13: can't assign io (size 0x1000)
[    4.461791] pci 0000:00:16.7: BAR 13: can't assign io (size 0x1000)
[    4.461794] pci 0000:00:16.6: BAR 13: can't assign io (size 0x1000)
[    4.461797] pci 0000:00:16.5: BAR 13: can't assign io (size 0x1000)
[    4.461799] pci 0000:00:16.4: BAR 13: can't assign io (size 0x1000)
[    4.461802] pci 0000:00:16.3: BAR 13: can't assign io (size 0x1000)
[    4.461804] pci 0000:00:15.7: BAR 13: can't assign io (size 0x1000)
[    4.461807] pci 0000:00:15.6: BAR 13: can't assign io (size 0x1000)
[    4.461810] pci 0000:00:15.5: BAR 13: can't assign io (size 0x1000)
[    4.461812] pci 0000:00:15.4: BAR 13: can't assign io (size 0x1000)
[    4.461815] pci 0000:00:15.3: BAR 13: can't assign io (size 0x1000)
[    4.461818] pci 0000:00:01.0: PCI bridge to [bus 01-01]
[    4.461880] pci 0000:02:01.0: BAR 6: assigned [mem 0xe7b00000-0xe7b0ffff pref]
[    4.461884] pci 0000:02:05.0: BAR 6: assigned [mem 0xe7b10000-0xe7b1ffff pref]
[    4.461886] pci 0000:00:11.0: PCI bridge to [bus 02-02]
[    4.461899] pci 0000:00:11.0:   bridge window [io  0x2000-0x3fff]
[    4.461930] pci 0000:00:11.0:   bridge window [mem 0xfd500000-0xfdffffff]
[    4.461951] pci 0000:00:11.0:   bridge window [mem 0xe7b00000-0xe7ffffff 64bit pref]
[    4.461991] pci 0000:00:15.0: PCI bridge to [bus 03-03]
[    4.462003] pci 0000:00:15.0:   bridge window [io  0x4000-0x4fff]
[    4.462034] pci 0000:00:15.0:   bridge window [mem 0xfd400000-0xfd4fffff]
[    4.462055] pci 0000:00:15.0:   bridge window [mem 0xe7a00000-0xe7afffff 64bit pref]
[    4.462118] pci 0000:00:15.1: PCI bridge to [bus 04-04]
[    4.462130] pci 0000:00:15.1:   bridge window [io  0x8000-0x8fff]
[    4.462159] pci 0000:00:15.1:   bridge window [mem 0xfd000000-0xfd0fffff]
[    4.462179] pci 0000:00:15.1:   bridge window [mem 0xe7600000-0xe76fffff 64bit pref]
[    4.462225] pci 0000:00:15.2: PCI bridge to [bus 05-05]
[    4.462237] pci 0000:00:15.2:   bridge window [io  0xc000-0xcfff]
[    4.462266] pci 0000:00:15.2:   bridge window [mem 0xfcc00000-0xfccfffff]
[    4.462285] pci 0000:00:15.2:   bridge window [mem 0xe7200000-0xe72fffff 64bit pref]
[    4.462331] pci 0000:00:15.3: PCI bridge to [bus 06-06]
[    4.462360] pci 0000:00:15.3:   bridge window [mem 0xfc800000-0xfc8fffff]
[    4.462379] pci 0000:00:15.3:   bridge window [mem 0xe6e00000-0xe6efffff 64bit pref]
[    4.462424] pci 0000:00:15.4: PCI bridge to [bus 07-07]
[    4.462453] pci 0000:00:15.4:   bridge window [mem 0xfc400000-0xfc4fffff]
[    4.462473] pci 0000:00:15.4:   bridge window [mem 0xe6a00000-0xe6afffff 64bit pref]
[    4.462518] pci 0000:00:15.5: PCI bridge to [bus 08-08]
[    4.462547] pci 0000:00:15.5:   bridge window [mem 0xfc000000-0xfc0fffff]
[    4.462567] pci 0000:00:15.5:   bridge window [mem 0xe6600000-0xe66fffff 64bit pref]
[    4.462613] pci 0000:00:15.6: PCI bridge to [bus 09-09]
[    4.462652] pci 0000:00:15.6:   bridge window [mem 0xfbc00000-0xfbcfffff]
[    4.462681] pci 0000:00:15.6:   bridge window [mem 0xe6200000-0xe62fffff 64bit pref]
[    4.462726] pci 0000:00:15.7: PCI bridge to [bus 0a-0a]
[    4.462755] pci 0000:00:15.7:   bridge window [mem 0xfb800000-0xfb8fffff]
[    4.462775] pci 0000:00:15.7:   bridge window [mem 0xe5e00000-0xe5efffff 64bit pref]
[    4.462820] pci 0000:00:16.0: PCI bridge to [bus 0b-0b]
[    4.462832] pci 0000:00:16.0:   bridge window [io  0x5000-0x5fff]
[    4.462860] pci 0000:00:16.0:   bridge window [mem 0xfd300000-0xfd3fffff]
[    4.462880] pci 0000:00:16.0:   bridge window [mem 0xe7900000-0xe79fffff 64bit pref]
[    4.462925] pci 0000:00:16.1: PCI bridge to [bus 0c-0c]
[    4.462937] pci 0000:00:16.1:   bridge window [io  0x9000-0x9fff]
[    4.462966] pci 0000:00:16.1:   bridge window [mem 0xfcf00000-0xfcffffff]
[    4.462986] pci 0000:00:16.1:   bridge window [mem 0xe7500000-0xe75fffff 64bit pref]
[    4.463031] pci 0000:00:16.2: PCI bridge to [bus 0d-0d]
[    4.463042] pci 0000:00:16.2:   bridge window [io  0xd000-0xdfff]
[    4.463071] pci 0000:00:16.2:   bridge window [mem 0xfcb00000-0xfcbfffff]
[    4.463091] pci 0000:00:16.2:   bridge window [mem 0xe7100000-0xe71fffff 64bit pref]
[    4.463136] pci 0000:00:16.3: PCI bridge to [bus 0e-0e]
[    4.463165] pci 0000:00:16.3:   bridge window [mem 0xfc700000-0xfc7fffff]
[    4.463184] pci 0000:00:16.3:   bridge window [mem 0xe6d00000-0xe6dfffff 64bit pref]
[    4.463229] pci 0000:00:16.4: PCI bridge to [bus 0f-0f]
[    4.463258] pci 0000:00:16.4:   bridge window [mem 0xfc300000-0xfc3fffff]
[    4.463278] pci 0000:00:16.4:   bridge window [mem 0xe6900000-0xe69fffff 64bit pref]
[    4.463323] pci 0000:00:16.5: PCI bridge to [bus 10-10]
[    4.463352] pci 0000:00:16.5:   bridge window [mem 0xfbf00000-0xfbffffff]
[    4.463372] pci 0000:00:16.5:   bridge window [mem 0xe6500000-0xe65fffff 64bit pref]
[    4.463417] pci 0000:00:16.6: PCI bridge to [bus 11-11]
[    4.463446] pci 0000:00:16.6:   bridge window [mem 0xfbb00000-0xfbbfffff]
[    4.463466] pci 0000:00:16.6:   bridge window [mem 0xe6100000-0xe61fffff 64bit pref]
[    4.463515] pci 0000:00:16.7: PCI bridge to [bus 12-12]
[    4.463545] pci 0000:00:16.7:   bridge window [mem 0xfb700000-0xfb7fffff]
[    4.463565] pci 0000:00:16.7:   bridge window [mem 0xe5d00000-0xe5dfffff 64bit pref]
[    4.463613] pci 0000:00:17.0: PCI bridge to [bus 13-13]
[    4.463625] pci 0000:00:17.0:   bridge window [io  0x6000-0x6fff]
[    4.463679] pci 0000:00:17.0:   bridge window [mem 0xfd200000-0xfd2fffff]
[    4.463699] pci 0000:00:17.0:   bridge window [mem 0xe7800000-0xe78fffff 64bit pref]
[    4.463744] pci 0000:00:17.1: PCI bridge to [bus 14-14]
[    4.463756] pci 0000:00:17.1:   bridge window [io  0xa000-0xafff]
[    4.463784] pci 0000:00:17.1:   bridge window [mem 0xfce00000-0xfcefffff]
[    4.463804] pci 0000:00:17.1:   bridge window [mem 0xe7400000-0xe74fffff 64bit pref]
[    4.463849] pci 0000:00:17.2: PCI bridge to [bus 15-15]
[    4.463861] pci 0000:00:17.2:   bridge window [io  0xe000-0xefff]
[    4.463889] pci 0000:00:17.2:   bridge window [mem 0xfca00000-0xfcafffff]
[    4.463909] pci 0000:00:17.2:   bridge window [mem 0xe7000000-0xe70fffff 64bit pref]
[    4.463954] pci 0000:00:17.3: PCI bridge to [bus 16-16]
[    4.463983] pci 0000:00:17.3:   bridge window [mem 0xfc600000-0xfc6fffff]
[    4.464003] pci 0000:00:17.3:   bridge window [mem 0xe6c00000-0xe6cfffff 64bit pref]
[    4.464048] pci 0000:00:17.4: PCI bridge to [bus 17-17]
[    4.464077] pci 0000:00:17.4:   bridge window [mem 0xfc200000-0xfc2fffff]
[    4.464097] pci 0000:00:17.4:   bridge window [mem 0xe6800000-0xe68fffff 64bit pref]
[    4.464143] pci 0000:00:17.5: PCI bridge to [bus 18-18]
[    4.464172] pci 0000:00:17.5:   bridge window [mem 0xfbe00000-0xfbefffff]
[    4.464192] pci 0000:00:17.5:   bridge window [mem 0xe6400000-0xe64fffff 64bit pref]
[    4.464237] pci 0000:00:17.6: PCI bridge to [bus 19-19]
[    4.464266] pci 0000:00:17.6:   bridge window [mem 0xfba00000-0xfbafffff]
[    4.464286] pci 0000:00:17.6:   bridge window [mem 0xe6000000-0xe60fffff 64bit pref]
[    4.464331] pci 0000:00:17.7: PCI bridge to [bus 1a-1a]
[    4.464360] pci 0000:00:17.7:   bridge window [mem 0xfb600000-0xfb6fffff]
[    4.464380] pci 0000:00:17.7:   bridge window [mem 0xe5c00000-0xe5cfffff 64bit pref]
[    4.464425] pci 0000:00:18.0: PCI bridge to [bus 1b-1b]
[    4.464437] pci 0000:00:18.0:   bridge window [io  0x7000-0x7fff]
[    4.464465] pci 0000:00:18.0:   bridge window [mem 0xfd100000-0xfd1fffff]
[    4.464485] pci 0000:00:18.0:   bridge window [mem 0xe7700000-0xe77fffff 64bit pref]
[    4.464530] pci 0000:00:18.1: PCI bridge to [bus 1c-1c]
[    4.464542] pci 0000:00:18.1:   bridge window [io  0xb000-0xbfff]
[    4.464570] pci 0000:00:18.1:   bridge window [mem 0xfcd00000-0xfcdfffff]
[    4.464590] pci 0000:00:18.1:   bridge window [mem 0xe7300000-0xe73fffff 64bit pref]
[    4.464653] pci 0000:00:18.2: PCI bridge to [bus 1d-1d]
[    4.464692] pci 0000:00:18.2:   bridge window [mem 0xfc900000-0xfc9fffff]
[    4.464711] pci 0000:00:18.2:   bridge window [mem 0xe6f00000-0xe6ffffff 64bit pref]
[    4.464757] pci 0000:00:18.3: PCI bridge to [bus 1e-1e]
[    4.464786] pci 0000:00:18.3:   bridge window [mem 0xfc500000-0xfc5fffff]
[    4.464806] pci 0000:00:18.3:   bridge window [mem 0xe6b00000-0xe6bfffff 64bit pref]
[    4.464851] pci 0000:00:18.4: PCI bridge to [bus 1f-1f]
[    4.464880] pci 0000:00:18.4:   bridge window [mem 0xfc100000-0xfc1fffff]
[    4.464900] pci 0000:00:18.4:   bridge window [mem 0xe6700000-0xe67fffff 64bit pref]
[    4.464945] pci 0000:00:18.5: PCI bridge to [bus 20-20]
[    4.464974] pci 0000:00:18.5:   bridge window [mem 0xfbd00000-0xfbdfffff]
[    4.464994] pci 0000:00:18.5:   bridge window [mem 0xe6300000-0xe63fffff 64bit pref]
[    4.465039] pci 0000:00:18.6: PCI bridge to [bus 21-21]
[    4.465068] pci 0000:00:18.6:   bridge window [mem 0xfb900000-0xfb9fffff]
[    4.465088] pci 0000:00:18.6:   bridge window [mem 0xe5f00000-0xe5ffffff 64bit pref]
[    4.465133] pci 0000:00:18.7: PCI bridge to [bus 22-22]
[    4.465162] pci 0000:00:18.7:   bridge window [mem 0xfb500000-0xfb5fffff]
[    4.465182] pci 0000:00:18.7:   bridge window [mem 0xe5b00000-0xe5bfffff 64bit pref]
[    4.465245] pci 0000:00:01.0: setting latency timer to 64
[    4.465307] pci 0000:00:15.0: setting latency timer to 64
[    4.465353] pci 0000:00:15.1: setting latency timer to 64
[    4.465399] pci 0000:00:15.2: setting latency timer to 64
[    4.465445] pci 0000:00:15.3: setting latency timer to 64
[    4.465491] pci 0000:00:15.4: setting latency timer to 64
[    4.465579] pci 0000:00:15.5: setting latency timer to 64
[    4.465621] pci 0000:00:15.6: setting latency timer to 64
[    4.465663] pci 0000:00:15.7: setting latency timer to 64
[    4.465704] pci 0000:00:16.0: setting latency timer to 64
[    4.465746] pci 0000:00:16.1: setting latency timer to 64
[    4.465788] pci 0000:00:16.2: setting latency timer to 64
[    4.465830] pci 0000:00:16.3: setting latency timer to 64
[    4.465872] pci 0000:00:16.4: setting latency timer to 64
[    4.465913] pci 0000:00:16.5: setting latency timer to 64
[    4.465955] pci 0000:00:16.6: setting latency timer to 64
[    4.465997] pci 0000:00:16.7: setting latency timer to 64
[    4.466039] pci 0000:00:17.0: setting latency timer to 64
[    4.466080] pci 0000:00:17.1: setting latency timer to 64
[    4.466122] pci 0000:00:17.2: setting latency timer to 64
[    4.466164] pci 0000:00:17.3: setting latency timer to 64
[    4.466206] pci 0000:00:17.4: setting latency timer to 64
[    4.466248] pci 0000:00:17.5: setting latency timer to 64
[    4.466289] pci 0000:00:17.6: setting latency timer to 64
[    4.466331] pci 0000:00:17.7: setting latency timer to 64
[    4.466373] pci 0000:00:18.0: setting latency timer to 64
[    4.466415] pci 0000:00:18.1: setting latency timer to 64
[    4.466456] pci 0000:00:18.2: setting latency timer to 64
[    4.466498] pci 0000:00:18.3: setting latency timer to 64
[    4.466540] pci 0000:00:18.4: setting latency timer to 64
[    4.466582] pci 0000:00:18.5: setting latency timer to 64
[    4.466624] pci 0000:00:18.6: setting latency timer to 64
[    4.466665] pci 0000:00:18.7: setting latency timer to 64
[    4.466677] pci_bus 0000:00: resource 4 [mem 0x000a0000-0x000bffff]
[    4.466679] pci_bus 0000:00: resource 5 [mem 0x000d0000-0x000d3fff]
[    4.466681] pci_bus 0000:00: resource 6 [mem 0x000d4000-0x000d7fff]
[    4.466683] pci_bus 0000:00: resource 7 [mem 0x000d8000-0x000dbfff]
[    4.466685] pci_bus 0000:00: resource 8 [mem 0xc0000000-0xfebfffff]
[    4.466687] pci_bus 0000:00: resource 9 [io  0x0000-0x0cf7]
[    4.466689] pci_bus 0000:00: resource 10 [io  0x0d00-0xfeff]
[    4.466691] pci_bus 0000:02: resource 0 [io  0x2000-0x3fff]
[    4.466693] pci_bus 0000:02: resource 1 [mem 0xfd500000-0xfdffffff]
[    4.466695] pci_bus 0000:02: resource 2 [mem 0xe7b00000-0xe7ffffff 64bit pref]
[    4.466697] pci_bus 0000:02: resource 4 [mem 0x000a0000-0x000bffff]
[    4.466699] pci_bus 0000:02: resource 5 [mem 0x000d0000-0x000d3fff]
[    4.466701] pci_bus 0000:02: resource 6 [mem 0x000d4000-0x000d7fff]
[    4.466703] pci_bus 0000:02: resource 7 [mem 0x000d8000-0x000dbfff]
[    4.466705] pci_bus 0000:02: resource 8 [mem 0xc0000000-0xfebfffff]
[    4.466707] pci_bus 0000:02: resource 9 [io  0x0000-0x0cf7]
[    4.466709] pci_bus 0000:02: resource 10 [io  0x0d00-0xfeff]
[    4.466711] pci_bus 0000:03: resource 0 [io  0x4000-0x4fff]
[    4.466712] pci_bus 0000:03: resource 1 [mem 0xfd400000-0xfd4fffff]
[    4.466714] pci_bus 0000:03: resource 2 [mem 0xe7a00000-0xe7afffff 64bit pref]
[    4.466716] pci_bus 0000:04: resource 0 [io  0x8000-0x8fff]
[    4.466718] pci_bus 0000:04: resource 1 [mem 0xfd000000-0xfd0fffff]
[    4.466720] pci_bus 0000:04: resource 2 [mem 0xe7600000-0xe76fffff 64bit pref]
[    4.466722] pci_bus 0000:05: resource 0 [io  0xc000-0xcfff]
[    4.466724] pci_bus 0000:05: resource 1 [mem 0xfcc00000-0xfccfffff]
[    4.466726] pci_bus 0000:05: resource 2 [mem 0xe7200000-0xe72fffff 64bit pref]
[    4.466728] pci_bus 0000:06: resource 1 [mem 0xfc800000-0xfc8fffff]
[    4.466730] pci_bus 0000:06: resource 2 [mem 0xe6e00000-0xe6efffff 64bit pref]
[    4.466732] pci_bus 0000:07: resource 1 [mem 0xfc400000-0xfc4fffff]
[    4.466734] pci_bus 0000:07: resource 2 [mem 0xe6a00000-0xe6afffff 64bit pref]
[    4.466736] pci_bus 0000:08: resource 1 [mem 0xfc000000-0xfc0fffff]
[    4.466738] pci_bus 0000:08: resource 2 [mem 0xe6600000-0xe66fffff 64bit pref]
[    4.466740] pci_bus 0000:09: resource 1 [mem 0xfbc00000-0xfbcfffff]
[    4.466742] pci_bus 0000:09: resource 2 [mem 0xe6200000-0xe62fffff 64bit pref]
[    4.466744] pci_bus 0000:0a: resource 1 [mem 0xfb800000-0xfb8fffff]
[    4.466746] pci_bus 0000:0a: resource 2 [mem 0xe5e00000-0xe5efffff 64bit pref]
[    4.466748] pci_bus 0000:0b: resource 0 [io  0x5000-0x5fff]
[    4.466750] pci_bus 0000:0b: resource 1 [mem 0xfd300000-0xfd3fffff]
[    4.466752] pci_bus 0000:0b: resource 2 [mem 0xe7900000-0xe79fffff 64bit pref]
[    4.466754] pci_bus 0000:0c: resource 0 [io  0x9000-0x9fff]
[    4.466756] pci_bus 0000:0c: resource 1 [mem 0xfcf00000-0xfcffffff]
[    4.466758] pci_bus 0000:0c: resource 2 [mem 0xe7500000-0xe75fffff 64bit pref]
[    4.466760] pci_bus 0000:0d: resource 0 [io  0xd000-0xdfff]
[    4.466762] pci_bus 0000:0d: resource 1 [mem 0xfcb00000-0xfcbfffff]
[    4.466764] pci_bus 0000:0d: resource 2 [mem 0xe7100000-0xe71fffff 64bit pref]
[    4.466766] pci_bus 0000:0e: resource 1 [mem 0xfc700000-0xfc7fffff]
[    4.466768] pci_bus 0000:0e: resource 2 [mem 0xe6d00000-0xe6dfffff 64bit pref]
[    4.466770] pci_bus 0000:0f: resource 1 [mem 0xfc300000-0xfc3fffff]
[    4.466772] pci_bus 0000:0f: resource 2 [mem 0xe6900000-0xe69fffff 64bit pref]
[    4.466774] pci_bus 0000:10: resource 1 [mem 0xfbf00000-0xfbffffff]
[    4.466776] pci_bus 0000:10: resource 2 [mem 0xe6500000-0xe65fffff 64bit pref]
[    4.466778] pci_bus 0000:11: resource 1 [mem 0xfbb00000-0xfbbfffff]
[    4.466780] pci_bus 0000:11: resource 2 [mem 0xe6100000-0xe61fffff 64bit pref]
[    4.466782] pci_bus 0000:12: resource 1 [mem 0xfb700000-0xfb7fffff]
[    4.466784] pci_bus 0000:12: resource 2 [mem 0xe5d00000-0xe5dfffff 64bit pref]
[    4.466786] pci_bus 0000:13: resource 0 [io  0x6000-0x6fff]
[    4.466788] pci_bus 0000:13: resource 1 [mem 0xfd200000-0xfd2fffff]
[    4.466790] pci_bus 0000:13: resource 2 [mem 0xe7800000-0xe78fffff 64bit pref]
[    4.466792] pci_bus 0000:14: resource 0 [io  0xa000-0xafff]
[    4.466794] pci_bus 0000:14: resource 1 [mem 0xfce00000-0xfcefffff]
[    4.466796] pci_bus 0000:14: resource 2 [mem 0xe7400000-0xe74fffff 64bit pref]
[    4.466798] pci_bus 0000:15: resource 0 [io  0xe000-0xefff]
[    4.466800] pci_bus 0000:15: resource 1 [mem 0xfca00000-0xfcafffff]
[    4.466802] pci_bus 0000:15: resource 2 [mem 0xe7000000-0xe70fffff 64bit pref]
[    4.466804] pci_bus 0000:16: resource 1 [mem 0xfc600000-0xfc6fffff]
[    4.466806] pci_bus 0000:16: resource 2 [mem 0xe6c00000-0xe6cfffff 64bit pref]
[    4.466808] pci_bus 0000:17: resource 1 [mem 0xfc200000-0xfc2fffff]
[    4.466810] pci_bus 0000:17: resource 2 [mem 0xe6800000-0xe68fffff 64bit pref]
[    4.466812] pci_bus 0000:18: resource 1 [mem 0xfbe00000-0xfbefffff]
[    4.466814] pci_bus 0000:18: resource 2 [mem 0xe6400000-0xe64fffff 64bit pref]
[    4.466816] pci_bus 0000:19: resource 1 [mem 0xfba00000-0xfbafffff]
[    4.466818] pci_bus 0000:19: resource 2 [mem 0xe6000000-0xe60fffff 64bit pref]
[    4.466820] pci_bus 0000:1a: resource 1 [mem 0xfb600000-0xfb6fffff]
[    4.466822] pci_bus 0000:1a: resource 2 [mem 0xe5c00000-0xe5cfffff 64bit pref]
[    4.466824] pci_bus 0000:1b: resource 0 [io  0x7000-0x7fff]
[    4.466826] pci_bus 0000:1b: resource 1 [mem 0xfd100000-0xfd1fffff]
[    4.466827] pci_bus 0000:1b: resource 2 [mem 0xe7700000-0xe77fffff 64bit pref]
[    4.466830] pci_bus 0000:1c: resource 0 [io  0xb000-0xbfff]
[    4.466831] pci_bus 0000:1c: resource 1 [mem 0xfcd00000-0xfcdfffff]
[    4.466833] pci_bus 0000:1c: resource 2 [mem 0xe7300000-0xe73fffff 64bit pref]
[    4.466835] pci_bus 0000:1d: resource 1 [mem 0xfc900000-0xfc9fffff]
[    4.466837] pci_bus 0000:1d: resource 2 [mem 0xe6f00000-0xe6ffffff 64bit pref]
[    4.466839] pci_bus 0000:1e: resource 1 [mem 0xfc500000-0xfc5fffff]
[    4.466841] pci_bus 0000:1e: resource 2 [mem 0xe6b00000-0xe6bfffff 64bit pref]
[    4.466843] pci_bus 0000:1f: resource 1 [mem 0xfc100000-0xfc1fffff]
[    4.466845] pci_bus 0000:1f: resource 2 [mem 0xe6700000-0xe67fffff 64bit pref]
[    4.466847] pci_bus 0000:20: resource 1 [mem 0xfbd00000-0xfbdfffff]
[    4.466849] pci_bus 0000:20: resource 2 [mem 0xe6300000-0xe63fffff 64bit pref]
[    4.466851] pci_bus 0000:21: resource 1 [mem 0xfb900000-0xfb9fffff]
[    4.466853] pci_bus 0000:21: resource 2 [mem 0xe5f00000-0xe5ffffff 64bit pref]
[    4.466855] pci_bus 0000:22: resource 1 [mem 0xfb500000-0xfb5fffff]
[    4.466857] pci_bus 0000:22: resource 2 [mem 0xe5b00000-0xe5bfffff 64bit pref]
[    4.466888] NET: Registered protocol family 2
[    4.466929] IP route cache hash table entries: 32768 (order: 5, 131072 bytes)
[    4.466971] TCP established hash table entries: 131072 (order: 8, 1048576 bytes)
[    4.467013] TCP bind hash table entries: 65536 (order: 7, 524288 bytes)
[    4.467055] TCP: Hash tables configured (established 131072 bind 65536)
[    4.467057] TCP reno registered
[    4.467060] UDP hash table entries: 512 (order: 2, 16384 bytes)
[    4.467068] UDP-Lite hash table entries: 512 (order: 2, 16384 bytes)
[    4.467109] NET: Registered protocol family 1
[    4.467117] pci 0000:00:00.0: Limiting direct PCI/PCI transfers
[    4.467159] pci 0000:00:0f.0: Boot video device
[    4.467201] pci 0000:02:00.0: PCI INT A -> GSI 18 (level, low) -> IRQ 18
[    4.467290] pci 0000:02:00.0: PCI INT A disabled
[    4.467331] pci 0000:02:03.0: PCI INT A -> GSI 17 (level, low) -> IRQ 17
[    4.467373] pci 0000:02:03.0: PCI INT A disabled
[    4.467396] PCI: CLS 32 bytes, default 64
[    4.467438] Trying to unpack rootfs image as initramfs...
[    4.952874] Freeing initrd memory: 29480k freed
[    4.956843] Simple Boot Flag at 0x36 set to 0x1
[    4.956880] Switching to clocksource tsc
[    4.957208] audit: initializing netlink socket (disabled)
[    4.957250] type=2000 audit(1431620008.844:1): initialized
[    4.969145] highmem bounce pool size: 64 pages
[    4.969159] HugeTLB registered 4 MB page size, pre-allocated 0 pages
[    4.969382] msgmni has been set to 1689
[    4.969650] Block layer SCSI generic (bsg) driver version 0.4 loaded (major 254)
[    4.969652] io scheduler noop registered
[    4.969663] io scheduler deadline registered
[    4.969668] io scheduler cfq registered (default)
[    4.969670] io scheduler clook registered
[    4.969712] pcieport 0000:00:15.0: setting latency timer to 64
[    4.969753] pcieport 0000:00:15.0: irq 40 for MSI/MSI-X
[    4.969795] pcieport 0000:00:15.1: setting latency timer to 64
[    4.969837] pcieport 0000:00:15.1: irq 41 for MSI/MSI-X
[    4.969879] pcieport 0000:00:15.2: setting latency timer to 64
[    4.969921] pcieport 0000:00:15.2: irq 42 for MSI/MSI-X
[    4.969962] pcieport 0000:00:15.3: setting latency timer to 64
[    4.970004] pcieport 0000:00:15.3: irq 43 for MSI/MSI-X
[    4.970046] pcieport 0000:00:15.4: setting latency timer to 64
[    4.970088] pcieport 0000:00:15.4: irq 44 for MSI/MSI-X
[    4.970129] pcieport 0000:00:15.5: setting latency timer to 64
[    4.970171] pcieport 0000:00:15.5: irq 45 for MSI/MSI-X
[    4.970213] pcieport 0000:00:15.6: setting latency timer to 64
[    4.970255] pcieport 0000:00:15.6: irq 46 for MSI/MSI-X
[    4.970297] pcieport 0000:00:15.7: setting latency timer to 64
[    4.970338] pcieport 0000:00:15.7: irq 47 for MSI/MSI-X
[    4.970380] pcieport 0000:00:16.0: setting latency timer to 64
[    4.970422] pcieport 0000:00:16.0: irq 48 for MSI/MSI-X
[    4.970464] pcieport 0000:00:16.1: setting latency timer to 64
[    4.970506] pcieport 0000:00:16.1: irq 49 for MSI/MSI-X
[    4.970547] pcieport 0000:00:16.2: setting latency timer to 64
[    4.970589] pcieport 0000:00:16.2: irq 50 for MSI/MSI-X
[    4.970631] pcieport 0000:00:16.3: setting latency timer to 64
[    4.970673] pcieport 0000:00:16.3: irq 51 for MSI/MSI-X
[    4.970714] pcieport 0000:00:16.4: setting latency timer to 64
[    4.970756] pcieport 0000:00:16.4: irq 52 for MSI/MSI-X
[    4.970798] pcieport 0000:00:16.5: setting latency timer to 64
[    4.970840] pcieport 0000:00:16.5: irq 53 for MSI/MSI-X
[    4.970882] pcieport 0000:00:16.6: setting latency timer to 64
[    4.970923] pcieport 0000:00:16.6: irq 54 for MSI/MSI-X
[    4.970965] pcieport 0000:00:16.7: setting latency timer to 64
[    4.971007] pcieport 0000:00:16.7: irq 55 for MSI/MSI-X
[    4.971049] pcieport 0000:00:17.0: setting latency timer to 64
[    4.971090] pcieport 0000:00:17.0: irq 56 for MSI/MSI-X
[    4.971132] pcieport 0000:00:17.1: setting latency timer to 64
[    4.971174] pcieport 0000:00:17.1: irq 57 for MSI/MSI-X
[    4.971216] pcieport 0000:00:17.2: setting latency timer to 64
[    4.971258] pcieport 0000:00:17.2: irq 58 for MSI/MSI-X
[    4.971299] pcieport 0000:00:17.3: setting latency timer to 64
[    4.971341] pcieport 0000:00:17.3: irq 59 for MSI/MSI-X
[    4.971383] pcieport 0000:00:17.4: setting latency timer to 64
[    4.971425] pcieport 0000:00:17.4: irq 60 for MSI/MSI-X
[    4.971467] pcieport 0000:00:17.5: setting latency timer to 64
[    4.971508] pcieport 0000:00:17.5: irq 61 for MSI/MSI-X
[    4.971550] pcieport 0000:00:17.6: setting latency timer to 64
[    4.971592] pcieport 0000:00:17.6: irq 62 for MSI/MSI-X
[    4.971634] pcieport 0000:00:17.7: setting latency timer to 64
[    4.971675] pcieport 0000:00:17.7: irq 63 for MSI/MSI-X
[    4.971717] pcieport 0000:00:18.0: setting latency timer to 64
[    4.971759] pcieport 0000:00:18.0: irq 64 for MSI/MSI-X
[    4.971801] pcieport 0000:00:18.1: setting latency timer to 64
[    4.971843] pcieport 0000:00:18.1: irq 65 for MSI/MSI-X
[    4.971884] pcieport 0000:00:18.2: setting latency timer to 64
[    4.971926] pcieport 0000:00:18.2: irq 66 for MSI/MSI-X
[    4.971968] pcieport 0000:00:18.3: setting latency timer to 64
[    4.972010] pcieport 0000:00:18.3: irq 67 for MSI/MSI-X
[    4.972051] pcieport 0000:00:18.4: setting latency timer to 64
[    4.972093] pcieport 0000:00:18.4: irq 68 for MSI/MSI-X
[    4.972135] pcieport 0000:00:18.5: setting latency timer to 64
[    4.972177] pcieport 0000:00:18.5: irq 69 for MSI/MSI-X
[    4.972219] pcieport 0000:00:18.6: setting latency timer to 64
[    4.972260] pcieport 0000:00:18.6: irq 70 for MSI/MSI-X
[    4.972302] pcieport 0000:00:18.7: setting latency timer to 64
[    4.972344] pcieport 0000:00:18.7: irq 71 for MSI/MSI-X
[    4.972386] pci_hotplug: PCI Hot Plug PCI Core version: 0.5
[    4.972427] pciehp 0000:00:15.0:pcie04: HPC vendor_id 15ad device_id 7a0 ss_vid 15ad ss_did 7a0
[    4.972469] pciehp 0000:00:15.0:pcie04: service driver pciehp loaded
[    4.972511] pciehp 0000:00:15.1:pcie04: HPC vendor_id 15ad device_id 7a0 ss_vid 15ad ss_did 7a0
[    4.972553] pciehp 0000:00:15.1:pcie04: service driver pciehp loaded
[    4.972595] pciehp 0000:00:15.2:pcie04: HPC vendor_id 15ad device_id 7a0 ss_vid 15ad ss_did 7a0
[    4.972636] pciehp 0000:00:15.2:pcie04: service driver pciehp loaded
[    4.972678] pciehp 0000:00:15.3:pcie04: HPC vendor_id 15ad device_id 7a0 ss_vid 15ad ss_did 7a0
[    4.972687] pciehp 0000:00:15.3:pcie04: service driver pciehp loaded
[    4.972695] pciehp 0000:00:15.4:pcie04: HPC vendor_id 15ad device_id 7a0 ss_vid 15ad ss_did 7a0
[    4.972792] pciehp 0000:00:15.4:pcie04: service driver pciehp loaded
[    4.972834] pciehp 0000:00:15.5:pcie04: HPC vendor_id 15ad device_id 7a0 ss_vid 15ad ss_did 7a0
[    4.972876] pciehp 0000:00:15.5:pcie04: service driver pciehp loaded
[    4.972918] pciehp 0000:00:15.6:pcie04: HPC vendor_id 15ad device_id 7a0 ss_vid 15ad ss_did 7a0
[    4.972960] pciehp 0000:00:15.6:pcie04: service driver pciehp loaded
[    4.973001] pciehp 0000:00:15.7:pcie04: HPC vendor_id 15ad device_id 7a0 ss_vid 15ad ss_did 7a0
[    4.973043] pciehp 0000:00:15.7:pcie04: service driver pciehp loaded
[    4.973085] pciehp 0000:00:16.0:pcie04: HPC vendor_id 15ad device_id 7a0 ss_vid 15ad ss_did 7a0
[    4.973127] pciehp 0000:00:16.0:pcie04: service driver pciehp loaded
[    4.973168] pciehp 0000:00:16.1:pcie04: HPC vendor_id 15ad device_id 7a0 ss_vid 15ad ss_did 7a0
[    4.973210] pciehp 0000:00:16.1:pcie04: service driver pciehp loaded
[    4.973252] pciehp 0000:00:16.2:pcie04: HPC vendor_id 15ad device_id 7a0 ss_vid 15ad ss_did 7a0
[    4.973294] pciehp 0000:00:16.2:pcie04: service driver pciehp loaded
[    4.973336] pciehp 0000:00:16.3:pcie04: HPC vendor_id 15ad device_id 7a0 ss_vid 15ad ss_did 7a0
[    4.973377] pciehp 0000:00:16.3:pcie04: service driver pciehp loaded
[    4.973419] pciehp 0000:00:16.4:pcie04: HPC vendor_id 15ad device_id 7a0 ss_vid 15ad ss_did 7a0
[    4.973461] pciehp 0000:00:16.4:pcie04: service driver pciehp loaded
[    4.973503] pciehp 0000:00:16.5:pcie04: HPC vendor_id 15ad device_id 7a0 ss_vid 15ad ss_did 7a0
[    4.973544] pciehp 0000:00:16.5:pcie04: service driver pciehp loaded
[    4.973586] pciehp 0000:00:16.6:pcie04: HPC vendor_id 15ad device_id 7a0 ss_vid 15ad ss_did 7a0
[    4.973628] pciehp 0000:00:16.6:pcie04: service driver pciehp loaded
[    4.973670] pciehp 0000:00:16.7:pcie04: HPC vendor_id 15ad device_id 7a0 ss_vid 15ad ss_did 7a0
[    4.973712] pciehp 0000:00:16.7:pcie04: service driver pciehp loaded
[    4.973753] pciehp 0000:00:17.0:pcie04: HPC vendor_id 15ad device_id 7a0 ss_vid 15ad ss_did 7a0
[    4.973795] pciehp 0000:00:17.0:pcie04: service driver pciehp loaded
[    4.973837] pciehp 0000:00:17.1:pcie04: HPC vendor_id 15ad device_id 7a0 ss_vid 15ad ss_did 7a0
[    4.973879] pciehp 0000:00:17.1:pcie04: service driver pciehp loaded
[    4.973921] pciehp 0000:00:17.2:pcie04: HPC vendor_id 15ad device_id 7a0 ss_vid 15ad ss_did 7a0
[    4.973962] pciehp 0000:00:17.2:pcie04: service driver pciehp loaded
[    4.974004] pciehp 0000:00:17.3:pcie04: HPC vendor_id 15ad device_id 7a0 ss_vid 15ad ss_did 7a0
[    4.974046] pciehp 0000:00:17.3:pcie04: service driver pciehp loaded
[    4.974088] pciehp 0000:00:17.4:pcie04: HPC vendor_id 15ad device_id 7a0 ss_vid 15ad ss_did 7a0
[    4.974129] pciehp 0000:00:17.4:pcie04: service driver pciehp loaded
[    4.974171] pciehp 0000:00:17.5:pcie04: HPC vendor_id 15ad device_id 7a0 ss_vid 15ad ss_did 7a0
[    4.974213] pciehp 0000:00:17.5:pcie04: service driver pciehp loaded
[    4.974255] pciehp 0000:00:17.6:pcie04: HPC vendor_id 15ad device_id 7a0 ss_vid 15ad ss_did 7a0
[    4.974297] pciehp 0000:00:17.6:pcie04: service driver pciehp loaded
[    4.974338] pciehp 0000:00:17.7:pcie04: HPC vendor_id 15ad device_id 7a0 ss_vid 15ad ss_did 7a0
[    4.974380] pciehp 0000:00:17.7:pcie04: service driver pciehp loaded
[    4.974422] pciehp 0000:00:18.0:pcie04: HPC vendor_id 15ad device_id 7a0 ss_vid 15ad ss_did 7a0
[    4.974464] pciehp 0000:00:18.0:pcie04: service driver pciehp loaded
[    4.974505] pciehp 0000:00:18.1:pcie04: HPC vendor_id 15ad device_id 7a0 ss_vid 15ad ss_did 7a0
[    4.974547] pciehp 0000:00:18.1:pcie04: service driver pciehp loaded
[    4.974589] pciehp 0000:00:18.2:pcie04: HPC vendor_id 15ad device_id 7a0 ss_vid 15ad ss_did 7a0
[    4.974631] pciehp 0000:00:18.2:pcie04: service driver pciehp loaded
[    4.974673] pciehp 0000:00:18.3:pcie04: HPC vendor_id 15ad device_id 7a0 ss_vid 15ad ss_did 7a0
[    4.974714] pciehp 0000:00:18.3:pcie04: service driver pciehp loaded
[    4.974756] pciehp 0000:00:18.4:pcie04: HPC vendor_id 15ad device_id 7a0 ss_vid 15ad ss_did 7a0
[    4.974798] pciehp 0000:00:18.4:pcie04: service driver pciehp loaded
[    4.974840] pciehp 0000:00:18.5:pcie04: HPC vendor_id 15ad device_id 7a0 ss_vid 15ad ss_did 7a0
[    4.974881] pciehp 0000:00:18.5:pcie04: service driver pciehp loaded
[    4.974923] pciehp 0000:00:18.6:pcie04: HPC vendor_id 15ad device_id 7a0 ss_vid 15ad ss_did 7a0
[    4.974965] pciehp 0000:00:18.6:pcie04: service driver pciehp loaded
[    4.975007] pciehp 0000:00:18.7:pcie04: HPC vendor_id 15ad device_id 7a0 ss_vid 15ad ss_did 7a0
[    4.975049] pciehp 0000:00:18.7:pcie04: service driver pciehp loaded
[    4.975055] pciehp: PCI Express Hot Plug Controller Driver version: 0.4
[    4.975101] ACPI: AC Adapter [ACAD] (on-line)
[    4.975190] input: Power Button as /devices/LNXSYSTM:00/LNXPWRBN:00/input/input0
[    4.975193] ACPI: Power Button [PWRF]
[    5.156659] isapnp: Scanning for PnP cards...
[    5.511196] isapnp: No Plug & Play device found
[    5.511272] Serial: 8250/16550 driver, 4 ports, IRQ sharing enabled
[    5.516739] brd: module loaded
[    5.517090] loop: module loaded
[    5.517142] ehci_hcd: USB 2.0 'Enhanced' Host Controller (EHCI) Driver
[    5.517184] ehci_hcd 0000:02:03.0: PCI INT A -> GSI 17 (level, low) -> IRQ 17
[    5.517225] ehci_hcd 0000:02:03.0: EHCI Host Controller
[    5.517254] ehci_hcd 0000:02:03.0: new USB bus registered, assigned bus number 1
[    5.517295] ehci_hcd 0000:02:03.0: cache line size of 32 is not supported
[    5.517337] ehci_hcd 0000:02:03.0: irq 17, io mem 0xfd5ff000
[    5.528151] ehci_hcd 0000:02:03.0: USB 2.0 started, EHCI 1.00
[    5.528296] hub 1-0:1.0: USB hub found
[    5.528301] hub 1-0:1.0: 6 ports detected
[    5.528343] ohci_hcd: USB 1.1 'Open' Host Controller (OHCI) Driver
[    5.528354] uhci_hcd: USB Universal Host Controller Interface driver
[    5.528396] uhci_hcd 0000:02:00.0: PCI INT A -> GSI 18 (level, low) -> IRQ 18
[    5.528437] uhci_hcd 0000:02:00.0: UHCI Host Controller
[    5.528469] uhci_hcd 0000:02:00.0: new USB bus registered, assigned bus number 2
[    5.528558] uhci_hcd 0000:02:00.0: irq 18, io base 0x000020c0
[    5.528669] hub 2-0:1.0: USB hub found
[    5.528673] hub 2-0:1.0: 2 ports detected
[    5.528715] i8042: PNP: PS/2 Controller [PNP0303:KBC,PNP0f13:MOUS] at 0x60,0x64 irq 1,12
[    5.529119] serio: i8042 KBD port at 0x60,0x64 irq 1
[    5.529127] serio: i8042 AUX port at 0x60,0x64 irq 12
[    5.529219] mousedev: PS/2 mouse device common for all mice
[    5.529264] EISA: Probing bus 0 at eisa.0
[    5.529266] EISA: Cannot allocate resource for mainboard
[    5.529268] Cannot allocate resource for EISA slot 1
[    5.529270] Cannot allocate resource for EISA slot 2
[    5.529272] Cannot allocate resource for EISA slot 3
[    5.529273] Cannot allocate resource for EISA slot 4
[    5.529275] Cannot allocate resource for EISA slot 5
[    5.529277] Cannot allocate resource for EISA slot 6
[    5.529278] Cannot allocate resource for EISA slot 7
[    5.529280] Cannot allocate resource for EISA slot 8
[    5.529282] EISA: Detected 0 cards.
[    5.529284] cpuidle: using governor ladder
[    5.529285] cpuidle: using governor menu
[    5.529327] TCP cubic registered
[    5.529330] NET: Registered protocol family 17
[    5.529336] Registering the dns_resolver key type
[    5.529350] Using IPI No-Shortcut mode
[    5.529485] registered taskstats version 1
[    5.536412] input: AT Translated Set 2 keyboard as /devices/platform/i8042/serio0/input/input1
[    5.536659] BIOS EDD facility v0.16 2004-Jun-25, 0 devices found
[    5.536661] EDD information not available.
[    5.536754] Freeing unused kernel memory: 460k freed
[    5.536811] Write protecting the kernel text: 3376k
[    5.536847] Write protecting the kernel read-only data: 1272k
[    5.545592] systemd-udevd[54]: starting version 204
[    5.553785] pcnet32: pcnet32.c:v1.35 21.Apr.2008 tsbogend@alpha.franken.de
[    5.553833] pcnet32 0000:02:01.0: PCI INT A -> GSI 19 (level, low) -> IRQ 19
[    5.554034] pcnet32: PCnet/PCI II 79C970A at 0x2000, 00:0c:29:fe:6f:27 assigned IRQ 19
[    5.554311] pcnet32: eth0: registered as PCnet/PCI II 79C970A
[    5.554359] pcnet32: 1 cards_found
[    5.555747] Linux agpgart interface v0.103
[    5.555975] agpgart-intel 0000:00:00.0: Intel 440BX Chipset
[    5.556634] agpgart-intel 0000:00:00.0: AGP aperture is 256M @ 0x0
[    5.556974] Fusion MPT base driver 3.04.20
[    5.556986] Copyright (c) 1999-2008 LSI Corporation
[    5.557289] Fusion MPT SPI Host driver 3.04.20
[    5.557337] mptspi 0000:00:10.0: PCI INT A -> GSI 17 (level, low) -> IRQ 17
[    5.558493] mptbase: ioc0: Initiating bringup
[    5.577770] input: ImPS/2 Generic Wheel Mouse as /devices/platform/i8042/serio1/input/input2
[    5.628109] ioc0: LSI53C1030 B0: Capabilities={Initiator}
[    5.788380] scsi0 : ioc0: LSI53C1030 B0, FwRev=01032920h, Ports=1, MaxQ=128, IRQ=17
[    5.839701] usb 2-1: new full-speed USB device number 2 using uhci_hcd
[    5.899964] scsi 0:0:0:0: Direct-Access     VMware,  VMware Virtual S 1.0  PQ: 0 ANSI: 2
[    5.899972] scsi target0:0:0: Beginning Domain Validation
[    5.900601] scsi target0:0:0: Domain Validation skipping write tests
[    5.900603] scsi target0:0:0: Ending Domain Validation
[    5.900625] scsi target0:0:0: FAST-40 WIDE SCSI 80.0 MB/s ST (25 ns, offset 127)
[    5.900777] scsi 0:0:1:0: Direct-Access     VMware,  VMware Virtual S 1.0  PQ: 0 ANSI: 2
[    5.900782] scsi target0:0:1: Beginning Domain Validation
[    5.901227] scsi target0:0:1: Domain Validation skipping write tests
[    5.901229] scsi target0:0:1: Ending Domain Validation
[    5.901251] scsi target0:0:1: FAST-40 WIDE SCSI 80.0 MB/s ST (25 ns, offset 127)
[    5.902087] sd 0:0:0:0: Attached scsi generic sg0 type 0
[    5.902142] sd 0:0:0:0: [sda] 41943040 512-byte logical blocks: (21.4 GB/20.0 GiB)
[    5.902173] sd 0:0:0:0: [sda] Write Protect is off
[    5.902173] sd 0:0:0:0: [sda] Mode Sense: 61 00 00 00
[    5.902205] sd 0:0:1:0: Attached scsi generic sg1 type 0
[    5.902245] sd 0:0:0:0: [sda] Cache data unavailable
[    5.902247] sd 0:0:0:0: [sda] Assuming drive cache: write through
[    5.902326] sd 0:0:1:0: [sdb] 2097152 512-byte logical blocks: (1.07 GB/1.00 GiB)
[    5.902361] sd 0:0:1:0: [sdb] Write Protect is off
[    5.902364] sd 0:0:1:0: [sdb] Mode Sense: 61 00 00 00
[    5.902411] sd 0:0:1:0: [sdb] Cache data unavailable
[    5.902413] sd 0:0:1:0: [sdb] Assuming drive cache: write through
[    5.902577] sd 0:0:1:0: [sdb] Cache data unavailable
[    5.902579] sd 0:0:1:0: [sdb] Assuming drive cache: write through
[    5.903051] sd 0:0:0:0: [sda] Cache data unavailable
[    5.903053] sd 0:0:0:0: [sda] Assuming drive cache: write through
[    5.931733]  sdb: sdb1
[    5.931995] sd 0:0:1:0: [sdb] Cache data unavailable
[    5.931998] sd 0:0:1:0: [sdb] Assuming drive cache: write through
[    5.932122] sd 0:0:1:0: [sdb] Attached SCSI disk
[    5.955676]  sda: sda1 sda2 < sda5 >
[    5.956243] sd 0:0:0:0: [sda] Cache data unavailable
[    5.956246] sd 0:0:0:0: [sda] Assuming drive cache: write through
[    5.956414] sd 0:0:0:0: [sda] Attached SCSI disk
[    6.458936] usb 2-2: new full-speed USB device number 3 using uhci_hcd
[    6.589404] hub 2-2:1.0: USB hub found
[    6.589788] hub 2-2:1.0: 7 ports detected
[    7.062272] VMware vmxnet3 virtual NIC driver - version 1.1.29.0-k-NAPI
[    7.063338] VMware PVSCSI driver - version 1.0.1.0-k
[    7.118874] EXT4-fs (sda1): mounted filesystem with ordered data mode. Opts: (null)
[   24.970672] Adding 4192252k swap on /dev/sda5.  Priority:-1 extents:1 across:4192252k 
[   25.208998] EXT4-fs (sda1): re-mounted. Opts: errors=remount-ro
[   25.370173] systemd-udevd[263]: starting version 204
[   25.836794] shpchp: Standard Hot Plug PCI Controller Driver version: 0.4
[   25.958803] fuse init (API version 7.17)
[   27.465717] init: failsafe main process (493) killed by TERM signal
[   28.089172] NET: Registered protocol family 10
[   28.718188] init: cups main process (639) killed by HUP signal
[   28.718197] init: cups main process ended, respawning
[   29.968446] init: bluetooth main process (671) terminated with status 1
[   29.968458] init: bluetooth main process ended, respawning
[   30.771529] pcnet32 0000:02:01.0: eth0: link up
[   33.166942] init: alsa-restore main process (832) terminated with status 19
[   33.245598] init: bluetooth main process (964) terminated with status 1
[   33.245612] init: bluetooth main process ended, respawning
[   33.357468] init: bluetooth main process (1004) terminated with status 1
[   33.357478] init: bluetooth main process ended, respawning
[   34.014381] init: bluetooth main process (1044) terminated with status 1
[   34.014390] init: bluetooth main process ended, respawning
[   34.088743] init: bluetooth main process (1091) terminated with status 1
[   34.088761] init: bluetooth main process ended, respawning
[   34.189059] init: bluetooth main process (1144) terminated with status 1
[   34.189069] init: bluetooth main process ended, respawning
[   34.292951] init: bluetooth main process (1169) terminated with status 1
[   34.292962] init: bluetooth main process ended, respawning
[   34.556653] init: bluetooth main process (1193) terminated with status 1
[   34.556664] init: bluetooth main process ended, respawning
[   34.676479] init: bluetooth main process (1218) terminated with status 1
[   34.676495] init: bluetooth main process ended, respawning
[   34.747677] init: bluetooth main process (1261) terminated with status 1
[   34.747692] init: bluetooth main process ended, respawning
[   35.093716] init: bluetooth main process (1297) terminated with status 1
[   35.093727] init: bluetooth main process ended, respawning
[   35.156948] init: bluetooth main process (1334) terminated with status 1
[   35.156958] init: bluetooth main process ended, respawning
[   35.283745] init: bluetooth main process (1358) terminated with status 1
[   35.283919] init: bluetooth main process ended, respawning
[   35.367324] init: bluetooth main process (1387) terminated with status 1
[   35.367504] init: bluetooth main process ended, respawning
[   35.506972] init: bluetooth main process (1412) terminated with status 1
[   35.506981] init: bluetooth respawning too fast, stopped
[   36.268000] init: plymouth-upstart-bridge main process ended, respawning
[   43.304813] eth0: no IPv6 routers present
[  122.331979] EXT4-fs (sdb1): warning: checktime reached, running e2fsck is recommended
[  122.332385] EXT4-fs (sdb1): mounted filesystem with ordered data mode. Opts: (null)
[  142.633303] 
[  142.633304] [CLOOK] add R 655
[  142.633307] 
[  142.633307] [CLOOK] dsp R 655
[  147.758040] 
[  147.758042] [CLOOK] add W 524359
[  147.758045] 
[  147.758045] [CLOOK] dsp W 524359
[  147.758875] 
[  147.758876] [CLOOK] add W 524375
[  147.758878] 
[  147.758878] [CLOOK] dsp W 524375
[  147.759288] 
[  147.759289] [CLOOK] add W 524383
[  147.759290] 
[  147.759290] [CLOOK] dsp W 524383
[  152.320385] 
[  152.320386] [CLOOK] add W 847
[  152.320390] 
[  152.320390] [CLOOK] dsp W 847
[  514.196501] 
[  514.196502] [CLOOK] add R 450639
[  514.196504] 
[  514.196504] [CLOOK] dsp R 450639
[  515.012513] 
[  515.012514] [CLOOK] add R 599
[  515.012516] 
[  515.012517] [CLOOK] dsp R 599
[  515.046484] 
[  515.046485] [CLOOK] add R 719
[  515.046487] 
[  515.046487] [CLOOK] dsp R 719
[  520.458204] 
[  520.458205] [CLOOK] add W 524447
[  520.458209] 
[  520.458209] [CLOOK] dsp W 524447
[  520.459095] 
[  520.459096] [CLOOK] add W 524455
[  520.459099] 
[  520.459099] [CLOOK] dsp W 524455
[  545.267550] 
[  545.267551] [CLOOK] add W 263967
[  545.267555] 
[  545.267556] [CLOOK] dsp W 263967
[  550.436152] 
[  550.436162] [CLOOK] add W 524487
[  550.436166] 
[  550.436166] [CLOOK] dsp W 524487
[  550.437005] 
[  550.437006] [CLOOK] add W 524495
[  550.437007] 
[  550.437008] [CLOOK] dsp W 524495
[  555.254087] 
[  555.254088] [CLOOK] add W 79
[  555.254091] 
[  555.254091] [CLOOK] add W 599
[  555.254092] 
[  555.254092] [CLOOK] add W 655
[  555.254093] 
[  555.254094] [CLOOK] add W 719
[  555.254095] 
[  555.254095] [CLOOK] add W 855
[  555.254097] 
[  555.254097] [CLOOK] dsp W 79
[  555.254204] 
[  555.254205] [CLOOK] dsp W 599
[  555.254242] 
[  555.254242] [CLOOK] dsp W 655
[  555.254277] 
[  555.254278] [CLOOK] dsp W 719
[  555.254309] 
[  555.254310] [CLOOK] dsp W 855
[  573.570207] 
[  573.570208] [CLOOK] add R 591
[  573.570212] 
[  573.570212] [CLOOK] dsp R 591
[  573.609071] 
[  573.609073] [CLOOK] add W 279615
[  573.609075] 
[  573.609075] [CLOOK] add W 280639
[  573.609077] 
[  573.609077] [CLOOK] add W 281663
[  573.609078] 
[  573.609079] [CLOOK] add W 282687
[  573.609080] 
[  573.609081] [CLOOK] add W 283711
[  573.609082] 
[  573.609083] [CLOOK] add W 284735
[  573.609084] 
[  573.609084] [CLOOK] add W 285759
[  573.609086] 
[  573.609086] [CLOOK] add W 286783
[  573.609087] 
[  573.609088] [CLOOK] add W 287807
[  573.609089] 
[  573.609090] [CLOOK] add W 288831
[  573.609091] 
[  573.609092] [CLOOK] add W 289855
[  573.609093] 
[  573.609093] [CLOOK] add W 290879
[  573.609095] 
[  573.609095] [CLOOK] add W 291903
[  573.609097] 
[  573.609097] [CLOOK] add W 292927
[  573.609098] 
[  573.609099] [CLOOK] add W 293951
[  573.609100] 
[  573.609101] [CLOOK] add W 294975
[  573.609103] 
[  573.609103] [CLOOK] dsp W 279615
[  573.609860] 
[  573.609861] [CLOOK] dsp W 280639
[  573.610257] 
[  573.610258] [CLOOK] dsp W 281663
[  573.610617] 
[  573.610618] [CLOOK] dsp W 282687
[  573.611021] 
[  573.611022] [CLOOK] dsp W 283711
[  573.611357] 
[  573.611357] [CLOOK] dsp W 284735
[  573.611639] 
[  573.611639] [CLOOK] dsp W 285759
[  573.611984] 
[  573.611984] [CLOOK] dsp W 286783
[  573.612707] 
[  573.612708] [CLOOK] dsp W 287807
[  573.613154] 
[  573.613155] [CLOOK] dsp W 288831
[  573.613441] 
[  573.613442] [CLOOK] dsp W 289855
[  573.613788] 
[  573.613789] [CLOOK] dsp W 290879
[  573.614164] 
[  573.614165] [CLOOK] dsp W 291903
[  573.615008] 
[  573.615091] [CLOOK] dsp W 292927
[  573.615368] 
[  573.615368] [CLOOK] dsp W 293951
[  573.615755] 
[  573.615756] [CLOOK] dsp W 294975
[  573.616190] 
[  573.616190] [CLOOK] add W 295007
[  573.616192] 
[  573.616193] [CLOOK] dsp W 295007
[  573.621021] 
[  573.621022] [CLOOK] add W 312383
[  573.621024] 
[  573.621024] [CLOOK] add W 313407
[  573.621025] 
[  573.621025] [CLOOK] add W 314431
[  573.621026] 
[  573.621026] [CLOOK] add W 315455
[  573.621027] 
[  573.621028] [CLOOK] add W 316479
[  573.621029] 
[  573.621029] [CLOOK] add W 317503
[  573.621030] 
[  573.621030] [CLOOK] add W 318527
[  573.621031] 
[  573.621031] [CLOOK] add W 319551
[  573.621032] 
[  573.621032] [CLOOK] add W 320575
[  573.621033] 
[  573.621034] [CLOOK] add W 321599
[  573.621035] 
[  573.621035] [CLOOK] add W 322623
[  573.621036] 
[  573.621036] [CLOOK] add W 323647
[  573.621037] 
[  573.621037] [CLOOK] add W 324671
[  573.621038] 
[  573.621038] [CLOOK] add W 325695
[  573.621039] 
[  573.621040] [CLOOK] add W 326719
[  573.621041] 
[  573.621041] [CLOOK] add W 327743
[  573.621042] 
[  573.621043] [CLOOK] dsp W 312383
[  573.621284] 
[  573.621284] [CLOOK] dsp W 313407
[  573.621465] 
[  573.621466] [CLOOK] dsp W 314431
[  573.621726] 
[  573.621727] [CLOOK] dsp W 315455
[  573.621890] 
[  573.621891] [CLOOK] dsp W 316479
[  573.622122] 
[  573.622139] [CLOOK] dsp W 317503
[  573.622324] 
[  573.622325] [CLOOK] dsp W 318527
[  573.622529] 
[  573.622529] [CLOOK] dsp W 319551
[  573.622779] 
[  573.622779] [CLOOK] dsp W 320575
[  573.623047] 
[  573.623047] [CLOOK] dsp W 321599
[  573.623203] 
[  573.623203] [CLOOK] dsp W 322623
[  573.623378] 
[  573.623379] [CLOOK] dsp W 323647
[  573.623641] 
[  573.623641] [CLOOK] dsp W 324671
[  573.623826] 
[  573.623826] [CLOOK] dsp W 325695
[  573.624067] 
[  573.624067] [CLOOK] dsp W 326719
[  573.624303] 
[  573.624303] [CLOOK] dsp W 327743
[  573.624311] 
[  573.624312] [CLOOK] add W 327839
[  573.627983] 
[  573.627984] [CLOOK] add W 345151
[  573.627986] 
[  573.627986] [CLOOK] add W 346175
[  573.627987] 
[  573.627987] [CLOOK] add W 347199
[  573.627988] 
[  573.627988] [CLOOK] add W 348223
[  573.627989] 
[  573.627990] [CLOOK] add W 349247
[  573.627990] 
[  573.627991] [CLOOK] add W 350271
[  573.627992] 
[  573.627992] [CLOOK] add W 351295
[  573.627993] 
[  573.627993] [CLOOK] add W 352319
[  573.627994] 
[  573.627995] [CLOOK] add W 353343
[  573.627995] 
[  573.627996] [CLOOK] add W 354367
[  573.627997] 
[  573.627997] [CLOOK] add W 355391
[  573.627998] 
[  573.627998] [CLOOK] add W 356415
[  573.627999] 
[  573.627999] [CLOOK] add W 357439
[  573.628000] 
[  573.628001] [CLOOK] add W 358463
[  573.628002] 
[  573.628002] [CLOOK] add W 359487
[  573.628003] 
[  573.628003] [CLOOK] add W 360511
[  573.628005] 
[  573.628006] [CLOOK] add W 360639
[  573.629917] 
[  573.629917] [CLOOK] add W 377919
[  573.629919] 
[  573.629920] [CLOOK] add W 378943
[  573.629920] 
[  573.629921] [CLOOK] add W 379967
[  573.629922] 
[  573.629922] [CLOOK] add W 380991
[  573.629923] 
[  573.629923] [CLOOK] add W 382015
[  573.629924] 
[  573.629925] [CLOOK] add W 383039
[  573.629925] 
[  573.629926] [CLOOK] add W 384063
[  573.629927] 
[  573.629927] [CLOOK] add W 385087
[  573.629928] 
[  573.629928] [CLOOK] add W 386111
[  573.629929] 
[  573.629929] [CLOOK] add W 387135
[  573.629930] 
[  573.629931] [CLOOK] add W 388159
[  573.629932] 
[  573.629932] [CLOOK] add W 389183
[  573.629933] 
[  573.629933] [CLOOK] add W 390207
[  573.629934] 
[  573.629934] [CLOOK] add W 391231
[  573.629935] 
[  573.629936] [CLOOK] add W 392255
[  573.629937] 
[  573.629937] [CLOOK] add W 393279
[  573.629939] 
[  573.629939] [CLOOK] add W 393415
[  573.632807] 
[  573.632808] [CLOOK] add W 410687
[  573.632810] 
[  573.632811] [CLOOK] add W 411711
[  573.632812] 
[  573.632812] [CLOOK] add W 412735
[  573.632813] 
[  573.632813] [CLOOK] add W 413759
[  573.632814] 
[  573.632815] [CLOOK] add W 414783
[  573.632816] 
[  573.632816] [CLOOK] add W 415807
[  573.632817] 
[  573.632817] [CLOOK] add W 416831
